******************************************************************************
                  TI ARM Linker PC v20.2.7                     
******************************************************************************
>> Linked Thu Dec 19 22:48:34 2024

OUTPUT FILE NAME:   <BalancingWheel.out>
ENTRY POINT SYMBOL: "_c_int00_noargs"  address: 0000a119


MEMORY CONFIGURATION

         name            origin    length      used     unused   attr    fill
----------------------  --------  ---------  --------  --------  ----  --------
  FLASH                 00000000   00040000  0000b8b9  00034747  R  X
  SRAM                  20000000   00008000  000054c3  00002b3d  RW X


SEGMENT ALLOCATION MAP

run origin  load origin   length   init length attrs members
----------  ----------- ---------- ----------- ----- -------
00000000    00000000    0000b8c0   0000b8c0    r-x
  00000000    00000000    0000026c   0000026c    r-- .intvecs
  0000026c    0000026c    0000a6a8   0000a6a8    r-x .text
  0000a914    0000a914    00000004   00000004    r-- .init_array
  0000a918    0000a918    00000f11   00000f11    r-- .const
  0000b830    0000b830    00000090   00000090    r-- .cinit
20000000    20000000    000054c7   00000000    rw-
  20000000    20000000    0000026c   00000000    rw- .vtable
  20000270    20000270    00004000   00000000    rw- .stack
  20004270    20004270    00001000   00000000    rw- .sysmem
  20005270    20005270    00000140   00000000    rw- .data
  200053b0    200053b0    00000117   00000000    rw- .bss


SECTION ALLOCATION MAP

 output                                  attributes/
section   page    origin      length       input sections
--------  ----  ----------  ----------   ----------------
.intvecs   0    00000000    0000026c     
                  00000000    0000026c     tm4c123gh6pm_startup_ccs.obj (.intvecs)

.text      0    0000026c    0000a6a8     
                  0000026c    00002fe4     IMU.obj (.text)
                  00003250    00002486     MPU9150.obj (.text)
                  000056d6    00000002     rtsv7M4_T_le_v4SPD16_eabi.lib : string.cpp.obj (.text:_ZNSt3__211char_traitsIcE11to_int_typeEc)
                  000056d8    00000a4e                                   : _printfi.c.obj (.text:__TI_printfi)
                  00006126    00000002                                   : _lock.c.obj (.text:_nop)
                  00006128    000006a8     UART.obj (.text)
                  000067d0    0000029c     I2Cdev.obj (.text)
                  00006a6c    00000270     rtsv7M4_T_le_v4SPD16_eabi.lib : _printfi.c.obj (.text:_pconv_a)
                  00006cdc    00000266     CIR_buffer.obj (.text)
                  00006f42    00000002     rtsv7M4_T_le_v4SPD16_eabi.lib : div0.asm.obj (.text)
                  00006f44    00000208     OS.obj (.text)
                  0000714c    000001d0     rtsv7M4_T_le_v4SPD16_eabi.lib : _printfi.c.obj (.text:_pconv_g)
                  0000731c    000001b8     GPIO.obj (.text)
                  000074d4    000001b6     rtsv7M4_T_le_v4SPD16_eabi.lib : fd_add_t2.asm.obj (.text)
                  0000768a    00000002     --HOLE-- [fill = 0]
                  0000768c    00000170                                   : e_asinf.c.obj (.text:asinf)
                  000077fc    0000016c     driverlib.lib : gpio.obj (.text:GPIOPadConfigSet)
                  00007968    00000158     rtsv7M4_T_le_v4SPD16_eabi.lib : e_atan2f.c.obj (.text:atan2f)
                  00007ac0    00000158                                   : e_sqrt.c.obj (.text:sqrt)
                  00007c18    00000150                                   : s_atanf.c.obj (.text:atanf)
                  00007d68    0000014c                                   : vla_alloc.c.obj (.text:__vla_alloc)
                  00007eb4    0000013c                                   : _printfi.c.obj (.text:_pconv_e)
                  00007ff0    00000136                                   : fd_div_t2.asm.obj (.text)
                  00008126    00000002     --HOLE-- [fill = 0]
                  00008128    00000124                                   : _printfi.c.obj (.text:fcvt)
                  0000824c    00000118     driverlib.lib : sysctl.obj (.text:SysCtlClockGet)
                  00008364    00000110     rtsv7M4_T_le_v4SPD16_eabi.lib : s_scalbn.c.obj (.text:scalbn)
                  00008474    00000104     I2C_IMU.obj (.text)
                  00008578    00000100     rtsv7M4_T_le_v4SPD16_eabi.lib : memory.c.obj (.text:aligned_alloc)
                  00008678    000000fc     IMU.obj (.text:_ZN10Quaternion10getProductES_)
                  00008774    000000fc     rtsv7M4_T_le_v4SPD16_eabi.lib : fd_mul_t2.asm.obj (.text)
                  00008870    000000f4     driverlib.lib : sysctl.obj (.text:SysCtlClockSet)
                  00008964    000000f0     rtsv7M4_T_le_v4SPD16_eabi.lib : string.cpp.obj (.text:_ZNSt3__212basic_stringIcNS_11char_traitsIcEENS_9allocatorIcEEE21__grow_by_and_replaceEjjjjjjPKc)
                  00008a54    000000e4                                   : memory.c.obj (.text:free)
                  00008b38    000000e4                                   : memory.c.obj (.text:realloc)
                  00008c1c    000000c0     IMU.obj (.text:_ZN11VectorInt166rotateEP10Quaternion)
                  00008cdc    000000c0     rtsv7M4_T_le_v4SPD16_eabi.lib : string.cpp.obj (.text:_ZNSt3__212basic_stringIcNS_11char_traitsIcEENS_9allocatorIcEEE9__grow_byEjjjjjj)
                  00008d9c    000000b8     UART.obj (.text:_ZN4UART10handle_ISREj)
                  00008e54    000000b1     rtsv7M4_T_le_v4SPD16_eabi.lib : _printfi.c.obj (.text:_ltostr)
                  00008f05    00000003     --HOLE-- [fill = 0]
                  00008f08    000000a8     Blink.obj (.text)
                  00008fb0    000000a4     rtsv7M4_T_le_v4SPD16_eabi.lib : string.cpp.obj (.text:_ZNSt3__212basic_stringIcNS_11char_traitsIcEENS_9allocatorIcEEE6appendEPKcj)
                  00009054    0000009c                                   : string.cpp.obj (.text:_ZNSt3__212basic_stringIcNS_11char_traitsIcEENS_9allocatorIcEEE6appendEjc)
                  000090f0    0000009c                                   : memcpy_t2.asm.obj (.text)
                  0000918c    00000096                                   : ull_div_t2.asm.obj (.text)
                  00009222    00000086                                   : fd_cmp_t2.asm.obj (.text:__aeabi_cdcmple)
                  000092a8    00000086                                   : fd_cmp_t2.asm.obj (.text:__aeabi_cdrcmple)
                  0000932e    0000007e                                   : string.cpp.obj (.text:_ZNSt3__234_GLOBAL__N__10_string_cpp_11932bae9as_stringINS_12basic_stringIcNS_11char_traitsIcEENS_9allocatorIcEEEEPFYiPcjPKczEdEET_T0_SD_PKNSD_10value_typeET1_)
                  000093ac    0000007c                                   : string.cpp.obj (.text:_ZNSt3__234_GLOBAL__N__10_string_cpp_11932bae9as_stringINS_12basic_stringIcNS_11char_traitsIcEENS_9allocatorIcEEEEPFYiPcjPKczEiEET_T0_SD_PKNSD_10value_typeET1_)
                  00009428    0000007a                                   : memset_t2.asm.obj (.text)
                  000094a2    00000002     --HOLE-- [fill = 0]
                  000094a4    00000078                                   : vla_alloc.c.obj (.text:_ZN33_INTERNAL_11_vla_alloc_c_be8bd49b21free_dead_allocationsEPv)
                  0000951c    00000076                                   : string.cpp.obj (.text:_ZNSt3__212basic_stringIcNS_11char_traitsIcEENS_9allocatorIcEEE6resizeEjc)
                  00009592    00000074                                   : string.cpp.obj (.text:_ZNSt3__212basic_stringIcNS_11char_traitsIcEENS_9allocatorIcEEE6__initEPKcj)
                  00009606    00000074                                   : string.cpp.obj (.text:_ZNSt3__212basic_stringIcNS_11char_traitsIcEENS_9allocatorIcEEE6__initEPKcjj)
                  0000967a    00000002     --HOLE-- [fill = 0]
                  0000967c    00000070                                   : vla_alloc.c.obj (.text:__vla_dealloc)
                  000096ec    00000070                                   : memory.c.obj (.text:split)
                  0000975c    0000006e                                   : _printfi.c.obj (.text:_mcpy)
                  000097ca    0000006e                                   : fd_tos_t2.asm.obj (.text)
                  00009838    00000068     driverlib.lib : interrupt.obj (.text:IntEnable)
                  000098a0    00000068     rtsv7M4_T_le_v4SPD16_eabi.lib : copy_decompress_lzss.c.obj (.text:decompress:lzss:__TI_decompress_lzss)
                  00009908    00000064                                   : s_frexp.c.obj (.text:frexp)
                  0000996c    00000060                                   : autoinit.c.obj (.text:__TI_auto_init_nobinit:__TI_auto_init_nobinit)
                  000099cc    0000005c     UART.obj (.text:_ZNSt3__2plIcNS_11char_traitsIcEENS_9allocatorIcEEEENS_12basic_stringIT_T0_T1_EERKS9_PKS6_)
                  00009a28    0000005c     main.obj (.text)
                  00009a84    0000005a     rtsv7M4_T_le_v4SPD16_eabi.lib : string.cpp.obj (.text:_ZNKSt3__234_GLOBAL__N__10_string_cpp_11932bae14initial_stringINS_12basic_stringIcNS_11char_traitsIcEENS_9allocatorIcEEEEdLb1EEclEv)
                  00009ade    0000005a                                   : string.cpp.obj (.text:_ZNKSt3__234_GLOBAL__N__10_string_cpp_11932bae14initial_stringINS_12basic_stringIcNS_11char_traitsIcEENS_9allocatorIcEEEEiLb0EEclEv)
                  00009b38    00000058     driverlib.lib : gpio.obj (.text:GPIOIntTypeSet)
                  00009b90    00000056     rtsv7M4_T_le_v4SPD16_eabi.lib : _printfi.c.obj (.text:_pconv_f)
                  00009be6    00000002     --HOLE-- [fill = 0]
                  00009be8    00000054     UART.obj (.text:_ZN4UART18get_uartData_indexE10UART_num_ePh)
                  00009c3c    00000054     rtsv7M4_T_le_v4SPD16_eabi.lib : _ltoa.c.obj (.text:__TI_ltoa)
                  00009c90    00000052                                   : _printfi.c.obj (.text:_ecpy)
                  00009ce2    00000002     --HOLE-- [fill = 0]
                  00009ce4    0000004c     driverlib.lib : gpio.obj (.text:GPIOPinConfigure)
                  00009d30    0000004c                   : i2c.obj (.text:I2CMasterInitExpClk)
                  00009d7c    0000004c     rtsv7M4_T_le_v4SPD16_eabi.lib : atoi.c.obj (.text:atoi)
                  00009dc8    0000004c                                   : snprintf.c.obj (.text:snprintf)
                  00009e14    00000048                                   : fd_toi_t2.asm.obj (.text)
                  00009e5c    00000046     driverlib.lib : uart.obj (.text:UARTConfigSetExpClk)
                  00009ea2    00000002     --HOLE-- [fill = 0]
                  00009ea4    00000044                   : gpio.obj (.text:_GPIOIntNumberGet)
                  00009ee8    00000040                   : uart.obj (.text:_UARTIntNumberGet)
                  00009f28    0000003e     rtsv7M4_T_le_v4SPD16_eabi.lib : _printfi.c.obj (.text:_fcpy)
                  00009f66    0000003a     IMU.obj (.text:_ZN10Quaternion12getConjugateEv)
                  00009fa0    00000038     driverlib.lib : sysctl.obj (.text:SysCtlPeripheralReady)
                  00009fd8    00000038     rtsv7M4_T_le_v4SPD16_eabi.lib : string.cpp.obj (.text:_ZNSt3__29to_stringEd)
                  0000a010    00000038                                   : fs_tod_t2.asm.obj (.text)
                  0000a048    00000034     driverlib.lib : interrupt.obj (.text:IntRegister)
                  0000a07c    00000034                   : sysctl.obj (.text:SysCtlPeripheralEnable)
                  0000a0b0    00000034     IMU.obj (.text:_ZN10QuaternionC1Effff)
                  0000a0e4    00000034     rtsv7M4_T_le_v4SPD16_eabi.lib : string.cpp.obj (.text:_ZNSt3__29to_stringEi)
                  0000a118    00000034                                   : boot_cortex_m.c.obj (.text:_c_int00_noargs:_c_int00_noargs)
                  0000a14c    00000030                                   : snprintf.c.obj (.text:_outs)
                  0000a17c    0000002e                                   : i_tofd_t2.asm.obj (.text)
                  0000a1aa    0000002c     driverlib.lib : gpio.obj (.text:GPIODirModeSet)
                  0000a1d6    00000002     --HOLE-- [fill = 0]
                  0000a1d8    0000002c     IMU.obj (.text:_ZN10QuaternionC1Ev)
                  0000a204    0000002c     rtsv7M4_T_le_v4SPD16_eabi.lib : string.cpp.obj (.text:_ZNSt3__212basic_stringIcNS_11char_traitsIcEENS_9allocatorIcEEEC1ERKS4_)
                  0000a230    00000028                                   : memory.c.obj (.text:free_list_insert)
                  0000a258    00000028                                   : e_sqrtf.c.obj (.text:sqrtf)
                  0000a280    00000024     TASKS.obj (.text)
                  0000a2a4    00000024     IMU.obj (.text:_ZN11VectorFloatC1Ev)
                  0000a2c8    00000024     rtsv7M4_T_le_v4SPD16_eabi.lib : string.cpp.obj (.text:_ZNKSt3__212basic_stringIcNS_11char_traitsIcEENS_9allocatorIcEEE3endEv)
                  0000a2ec    00000024                                   : string.cpp.obj (.text:_ZNSt3__212basic_stringIcNS_11char_traitsIcEENS_9allocatorIcEEEC1EOS5_)
                  0000a310    00000024                                   : memcmp.c.obj (.text:memcmp)
                  0000a334    00000022                                   : new.cpp.obj (.text:_Znwj)
                  0000a356    00000002     --HOLE-- [fill = 0]
                  0000a358    00000020     driverlib.lib : uart.obj (.text:UARTDisable)
                  0000a378    00000020     rtsv7M4_T_le_v4SPD16_eabi.lib : string.cpp.obj (.text:_ZNSt3__212basic_stringIcNS_11char_traitsIcEENS_9allocatorIcEEED1Ev)
                  0000a398    00000020     UART.obj (.text:_ZNSt3__2eqIPKcS2_EEbRKNS_11__wrap_iterIT_EERKNS3_IT0_EE)
                  0000a3b8    0000001e     driverlib.lib : gpio.obj (.text:GPIOIntRegisterPin)
                  0000a3d6    0000001e     IMU.obj (.text:_ZN11VectorInt16C1Ev)
                  0000a3f4    0000001e     rtsv7M4_T_le_v4SPD16_eabi.lib : string.cpp.obj (.text:_ZNSt3__211char_traitsIcE6assignEPcjc)
                  0000a412    0000001e                                   : string.cpp.obj (.text:_ZNSt3__212basic_stringIcNS_11char_traitsIcEENS_9allocatorIcEEEC1EPKc)
                  0000a430    0000001e     UART.obj (.text:_ZNSt3__2neIPKcEEbRKNS_11__wrap_iterIT_EES7_)
                  0000a44e    0000001e     UART.obj (.text:_ZNSt3__2plIcNS_11char_traitsIcEENS_9allocatorIcEEEENS_12basic_stringIT_T0_T1_EEOS9_PKS6_)
                  0000a46c    0000001c     driverlib.lib : systick.obj (.text:SysTickIntRegister)
                  0000a488    0000001c     IMU.obj (.text:_ZNSt3__211char_traitsIcE4copyEPcPKcj)
                  0000a4a4    0000001c     rtsv7M4_T_le_v4SPD16_eabi.lib : copy_zero_init.c.obj (.text:decompress:ZI:__TI_zero_init_nomemset:__TI_zero_init_nomemset)
                  0000a4c0    0000001c                                   : memory.c.obj (.text:free_list_remove)
                  0000a4dc    0000001c                                   : memccpy.c.obj (.text:memccpy)
                  0000a4f8    0000001a     driverlib.lib : gpio.obj (.text:GPIOPinTypeGPIOOutput)
                  0000a512    0000001a     rtsv7M4_T_le_v4SPD16_eabi.lib : s_copysign.c.obj (.text:copysign)
                  0000a52c    00000018     driverlib.lib : gpio.obj (.text:GPIOUnlockPin)
                  0000a544    00000018                   : uart.obj (.text:UARTIntRegister)
                  0000a55c    00000018     IMU.obj (.text:_Z5atan2ff)
                  0000a574    00000018     IMU.obj (.text:_ZN4UARTC1Eb)
                  0000a58c    00000018     rtsv7M4_T_le_v4SPD16_eabi.lib : string.cpp.obj (.text:_ZNSt3__212basic_stringIcNS_11char_traitsIcEENS_9allocatorIcEEE6appendEPKc)
                  0000a5a4    00000018                                   : snprintf.c.obj (.text:_outc)
                  0000a5bc    00000016     driverlib.lib : gpio.obj (.text:GPIOPinTypeGPIOInput)
                  0000a5d2    00000016                   : gpio.obj (.text:GPIOPinTypeI2C)
                  0000a5e8    00000016                   : gpio.obj (.text:GPIOPinTypeI2CSCL)
                  0000a5fe    00000016                   : gpio.obj (.text:GPIOPinTypeUART)
                  0000a614    00000016     rtsv7M4_T_le_v4SPD16_eabi.lib : string.cpp.obj (.text:_ZNKSt3__212basic_stringIcNS_11char_traitsIcEENS_9allocatorIcEEE4dataEv)
                  0000a62a    00000016                                   : string.cpp.obj (.text:_ZNKSt3__212basic_stringIcNS_11char_traitsIcEENS_9allocatorIcEEE4sizeEv)
                  0000a640    00000016                                   : string.cpp.obj (.text:_ZNKSt3__212basic_stringIcNS_11char_traitsIcEENS_9allocatorIcEEE5beginEv)
                  0000a656    00000016                                   : strchr.c.obj (.text:strchr)
                  0000a66c    00000014     driverlib.lib : systick.obj (.text:SysTickEnable)
                  0000a680    00000014                   : systick.obj (.text:SysTickIntEnable)
                  0000a694    00000014                   : uart.obj (.text:UARTEnable)
                  0000a6a8    00000014     UART.obj (.text:_ZNSt3__211__wrap_iterIPKcEppEv)
                  0000a6bc    00000014     IMU.obj (.text:_ZNSt3__211char_traitsIcE6assignERcRKc)
                  0000a6d0    00000014     rtsv7M4_T_le_v4SPD16_eabi.lib : strlen.c.obj (.text:strlen)
                  0000a6e4    00000012     IMU.obj (.text:_ZNSt3__222__compressed_pair_elemINS_12basic_stringIcNS_11char_traitsIcEENS_9allocatorIcEEE5__repELi0ELb0EEC1Ev)
                  0000a6f6    00000012     rtsv7M4_T_le_v4SPD16_eabi.lib : wcslen.c.obj (.text:wcslen)
                  0000a708    00000010     driverlib.lib : systick.obj (.text:SysTickPeriodSet)
                  0000a718    00000010     IMU.obj (.text:_Z4asinf)
                  0000a728    00000010     IMU.obj (.text:_Z4atanf)
                  0000a738    00000010     IMU.obj (.text:_Z4sqrtf)
                  0000a748    00000010     UART.obj (.text:_ZNSt3__222__compressed_pair_elemINS_9allocatorIcEELi1ELb1EEC1IRKS2_vEEOT_)
                  0000a758    00000010     UART.obj (.text:_ZNSt3__222__compressed_pair_elemINS_9allocatorIcEELi1ELb1EEC2IRKS2_vEEOT_)
                  0000a768    0000000e     driverlib.lib : gpio.obj (.text:GPIOIntDisable)
                  0000a776    0000000e                   : uart.obj (.text:UARTCharGetNonBlocking)
                  0000a784    0000000e                   : uart.obj (.text:UARTCharPutNonBlocking)
                  0000a792    0000000e                   : uart.obj (.text:UARTCharsAvail)
                  0000a7a0    0000000e                   : uart.obj (.text:UARTSpaceAvail)
                  0000a7ae    0000000e     UART.obj (.text:_ZNKSt3__211__wrap_iterIPKcE4baseEv)
                  0000a7bc    0000000e     UART.obj (.text:_ZNKSt3__211__wrap_iterIPKcEdeEv)
                  0000a7ca    0000000e     rtsv7M4_T_le_v4SPD16_eabi.lib : copy_decompress_none.c.obj (.text:decompress:none:__TI_decompress_none)
                  0000a7d8    0000000c     driverlib.lib : gpio.obj (.text:GPIOIntEnable)
                  0000a7e4    0000000c     MPU9150.obj (.text:_ZN6I2CdevC1Ev)
                  0000a7f0    0000000c     rtsv7M4_T_le_v4SPD16_eabi.lib : string.cpp.obj (.text:_ZNKSt3__221__basic_string_commonILb1EE20__throw_length_errorEv)
                  0000a7fc    0000000c     IMU.obj (.text:_ZNKSt3__222__compressed_pair_elemINS_12basic_stringIcNS_11char_traitsIcEENS_9allocatorIcEEE5__repELi0ELb0EE5__getEv)
                  0000a808    0000000c     IMU.obj (.text:_ZNKSt3__222__compressed_pair_elemINS_9allocatorIcEELi1ELb1EE5__getEv)
                  0000a814    0000000c     IMU.obj (.text:_ZNSt3__211char_traitsIcE6lengthEPKc)
                  0000a820    0000000c     IMU.obj (.text:_ZNSt3__222__compressed_pair_elemINS_12basic_stringIcNS_11char_traitsIcEENS_9allocatorIcEEE5__repELi0ELb0EE5__getEv)
                  0000a82c    0000000c     IMU.obj (.text:_ZNSt3__222__compressed_pair_elemINS_12basic_stringIcNS_11char_traitsIcEENS_9allocatorIcEEE5__repELi0ELb0EEC2Ev)
                  0000a838    0000000c     UART.obj (.text:_ZNSt3__24moveIRNS_12basic_stringIcNS_11char_traitsIcEENS_9allocatorIcEEEEEEONS_16remove_referenceIT_E4typeEOS9_)
                  0000a844    0000000c     UART.obj (.text:_ZNSt3__27forwardIRKNS_9allocatorIcEEEEOT_RNS_16remove_referenceIS5_E4typeE)
                  0000a850    0000000c     rtsv7M4_T_le_v4SPD16_eabi.lib : new.cpp.obj (.text:_ZSt15get_new_handlerv)
                  0000a85c    0000000c     tm4c123gh6pm_startup_ccs.obj (.text)
                  0000a868    0000000a     driverlib.lib : i2c.obj (.text:I2CMasterEnable)
                  0000a872    0000000a                   : uart.obj (.text:UARTFIFOEnable)
                  0000a87c    0000000a                   : uart.obj (.text:UARTIntDisable)
                  0000a886    0000000a                   : uart.obj (.text:UARTIntStatus)
                  0000a890    0000000a     rtsv7M4_T_le_v4SPD16_eabi.lib : string.cpp.obj (.text:_ZNKSt3__212basic_stringIcNS_11char_traitsIcEENS_9allocatorIcEEE13get_allocatorEv)
                  0000a89a    0000000a     IMU.obj (.text:_ZNSt3__220__throw_length_errorEPKc)
                  0000a8a4    0000000a     print.obj (.text)
                  0000a8ae    00000008     driverlib.lib : i2c.obj (.text:I2CMasterBusy)
                  0000a8b6    00000008                   : i2c.obj (.text:I2CMasterSlaveAddrSet)
                  0000a8be    00000008                   : uart.obj (.text:UARTIntEnable)
                  0000a8c6    00000008     rtsv7M4_T_le_v4SPD16_eabi.lib : new.cpp.obj (.text:_ZdlPv)
                  0000a8ce    00000002     --HOLE-- [fill = 0]
                  0000a8d0    00000008                                   : errno.c.obj (.text:__aeabi_errno_addr)
                  0000a8d8    00000008                                   : memory.c.obj (.text:malloc)
                  0000a8e0    00000006     driverlib.lib : gpio.obj (.text:GPIOPinRead)
                  0000a8e6    00000006                   : gpio.obj (.text:GPIOPinWrite)
                  0000a8ec    00000006                   : sysctl.obj (.text:SysCtlDelay)
                  0000a8f2    00000006                   : uart.obj (.text:UARTFIFOLevelSet)
                  0000a8f8    00000004                   : i2c.obj (.text:I2CMasterControl)
                  0000a8fc    00000004                   : i2c.obj (.text:I2CMasterDataGet)
                  0000a900    00000004                   : i2c.obj (.text:I2CMasterDataPut)
                  0000a904    00000004                   : uart.obj (.text:UARTIntClear)
                  0000a908    00000004     rtsv7M4_T_le_v4SPD16_eabi.lib : error.c.obj (.text:__abort_execution)
                  0000a90c    00000004                                   : pre_init.c.obj (.text:_system_pre_init)
                  0000a910    00000004                                   : exit.c.obj (.text:abort:abort)

.const     0    0000a918    00000f11     
                  0000a918    000007aa     IMU.obj (.const:.string:dmpMemory)
                  0000b0c2    00000101     rtsv7M4_T_le_v4SPD16_eabi.lib : ctype.c.obj (.const:.string:_ctypes_)
                  0000b1c3    000000e8     IMU.obj (.const:.string:dmpConfig)
                  0000b2ab    00000001     --HOLE-- [fill = 0]
                  0000b2ac    000000d8     driverlib.lib : gpio.obj (.const:g_ppui32GPIOIntMapSnowflake)
                  0000b384    000000c0                   : gpio.obj (.const:g_ppui32GPIOIntMapBlizzard)
                  0000b444    00000090                   : gpio.obj (.const:g_pui32GPIOBaseAddrs)
                  0000b4d4    0000008c     IMU.obj (.const:.string:dmpUpdates)
                  0000b560    0000006c     driverlib.lib : sysctl.obj (.const:g_pui32Xtals)
                  0000b5cc    00000040                   : uart.obj (.const:g_ppui32UARTIntMap)
                  0000b60c    00000040                   : uart.obj (.const:g_ppui32UARTIntMapSnowflake)
                  0000b64c    00000034     rtsv7M4_T_le_v4SPD16_eabi.lib : s_atanf.c.obj (.const:$O1$$)
                  0000b680    00000030                                   : string.cpp.obj (.const:$O1$$)
                  0000b6b0    00000020                                   : e_asinf.c.obj (.const)
                  0000b6d0    00000020     UART.obj (.const:uart_get_GPIO_BASE_ADDRESS)
                  0000b6f0    00000020     UART.obj (.const:uart_get_GPIO_PIN_A)
                  0000b710    00000020     UART.obj (.const:uart_get_GPIO_PIN_B)
                  0000b730    00000020     UART.obj (.const:uart_get_GPIO_RX_PIN)
                  0000b750    00000020     UART.obj (.const:uart_get_GPIO_TX_PIN)
                  0000b770    00000020     UART.obj (.const:uart_get_UART_INT)
                  0000b790    00000020     UART.obj (.const:uart_get_baseAddress)
                  0000b7b0    00000020     UART.obj (.const:uart_get_sysctlPerGpio)
                  0000b7d0    00000020     UART.obj (.const:uart_get_sysctlPerUart)
                  0000b7f0    00000018     GPIO.obj (.const:gpio_get_sysctlPerGpio)
                  0000b808    00000014     driverlib.lib : interrupt.obj (.const:g_pui32EnRegs)
                  0000b81c    0000000d     rtsv7M4_T_le_v4SPD16_eabi.lib : string.cpp.obj (.const:.string:_ZZNKSt3__221__basic_string_commonILb1EE20__throw_length_errorEvEs)

.cinit     0    0000b830    00000090     
                  0000b830    0000005c     (.cinit..data.load) [load image, compression = lzss]
                  0000b88c    0000000c     (__TI_handler_table)
                  0000b898    00000008     (.cinit..bss.load) [load image, compression = zero_init]
                  0000b8a0    00000008     (.cinit..vtable.load) [load image, compression = zero_init]
                  0000b8a8    00000018     (__TI_cinit_table)

.init_array 
*          0    0000a914    00000004     
                  0000a914    00000004     IMU.obj (.init_array)

.vtable    0    20000000    0000026c     UNINITIALIZED
                  20000000    0000026c     driverlib.lib : interrupt.obj (.vtable)

.stack     0    20000270    00004000     UNINITIALIZED
                  20000270    00000004     rtsv7M4_T_le_v4SPD16_eabi.lib : boot_cortex_m.c.obj (.stack)
                  20000274    00003ffc     --HOLE--

.sysmem    0    20004270    00001000     UNINITIALIZED
                  20004270    00000010     rtsv7M4_T_le_v4SPD16_eabi.lib : memory.c.obj (.sysmem)
                  20004280    00000ff0     --HOLE--

.data      0    20005270    00000140     UNINITIALIZED
                  20005270    00000100     UART.obj (.data:uarts_data)
                  20005370    00000020     UART.obj (.data:UART_ISR)
                  20005390    00000008     rtsv7M4_T_le_v4SPD16_eabi.lib : _lock.c.obj (.data:$O1$$)
                  20005398    00000008                                   : memory.c.obj (.data:$O1$$)
                  200053a0    00000005     OS.obj (.data)
                  200053a5    00000002     IMU.obj (.data)
                  200053a7    00000001     Blink.obj (.data)
                  200053a8    00000004     rtsv7M4_T_le_v4SPD16_eabi.lib : errno.c.obj (.data)
                  200053ac    00000004                                   : vla_alloc.c.obj (.data)

.bss       0    200053b0    00000117     UNINITIALIZED
                  200053b0    00000078     (.common:tasks)
                  20005428    00000040     (.common:fifoBuffer)
                  20005468    00000018     IMU.obj (.bss:mpu)
                  20005480    00000010     IMU.obj (.bss:q)
                  20005490    0000000c     IMU.obj (.bss:gravity)
                  2000549c    0000000c     (.common:ypr)
                  200054a8    00000006     IMU.obj (.bss:aa)
                  200054ae    00000006     IMU.obj (.bss:aaReal)
                  200054b4    00000006     IMU.obj (.bss:aaWorld)
                  200054ba    00000002     IMU.obj (.bss:Serial)
                  200054bc    00000004     rtsv7M4_T_le_v4SPD16_eabi.lib : new.cpp.obj (.bss)
                  200054c0    00000002     (.common:fifoCount)
                  200054c2    00000002     (.common:packetSize)
                  200054c4    00000001     UART.obj (.bss)
                  200054c5    00000001     (.common:devStatus)
                  200054c6    00000001     (.common:mpuIntStatus)

__llvm_prf_cnts 
*          0    20000000    00000000     UNINITIALIZED

MODULE SUMMARY

       Module                         code    ro data   rw data
       ------                         ----    -------   -------
    .\
       tm4c123gh6pm_startup_ccs.obj   12      620       0      
       main.obj                       92      0         0      
    +--+------------------------------+-------+---------+---------+
       Total:                         104     620       0      
                                                               
    .\APP\BL\
       Blink.obj                      168     0         1      
    +--+------------------------------+-------+---------+---------+
       Total:                         168     0         1      
                                                               
    .\APP\IMU\
       IMU.obj                        13156   2338      156    
    +--+------------------------------+-------+---------+---------+
       Total:                         13156   2338      156    
                                                               
    .\APP\PRINT\
       print.obj                      10      0         0      
    +--+------------------------------+-------+---------+---------+
       Total:                         10      0         0      
                                                               
    .\BSW\GPIO\
       GPIO.obj                       440     24        0      
    +--+------------------------------+-------+---------+---------+
       Total:                         440     24        0      
                                                               
    .\BSW\I2C\
       I2C_IMU.obj                    260     0         0      
    +--+------------------------------+-------+---------+---------+
       Total:                         260     0         0      
                                                               
    .\BSW\USART\
       UART.obj                       2260    288       289    
    +--+------------------------------+-------+---------+---------+
       Total:                         2260    288       289    
                                                               
    .\OS\
       OS.obj                         520     0         125    
    +--+------------------------------+-------+---------+---------+
       Total:                         520     0         125    
                                                               
    .\Services\CIRCULAR_BUFFER\
       CIR_buffer.obj                 614     0         0      
    +--+------------------------------+-------+---------+---------+
       Total:                         614     0         0      
                                                               
    .\Services\I2CDev\
       I2Cdev.obj                     668     0         0      
    +--+------------------------------+-------+---------+---------+
       Total:                         668     0         0      
                                                               
    .\Services\MPU9150\
       MPU9150.obj                    9362    0         0      
    +--+------------------------------+-------+---------+---------+
       Total:                         9362    0         0      
                                                               
    .\TASKS\
       TASKS.obj                      36      0         0      
    +--+------------------------------+-------+---------+---------+
       Total:                         36      0         0      
                                                               
    C:/ti/TivaWare_C_Series-2.2.0.295/driverlib/ccs/Debug/driverlib.lib
       gpio.obj                       846     552       0      
       interrupt.obj                  156     20        620    
       sysctl.obj                     638     108       0      
       uart.obj                       314     128       0      
       i2c.obj                        114     0         0      
       systick.obj                    84      0         0      
    +--+------------------------------+-------+---------+---------+
       Total:                         2152    808       620    
                                                               
    C:\ti\ccs1260\ccs\tools\compiler\ti-cgt-arm_20.2.7.LTS\lib\rtsv7M4_T_le_v4SPD16_eabi.lib
       _printfi.c.obj                 4851    0         0      
       string.cpp.obj                 1962    61        0      
       memory.c.obj                   900     0         8      
       vla_alloc.c.obj                564     0         4      
       fd_add_t2.asm.obj              438     0         0      
       e_asinf.c.obj                  368     32        0      
       s_atanf.c.obj                  336     52        0      
       e_atan2f.c.obj                 344     0         0      
       e_sqrt.c.obj                   344     0         0      
       fd_div_t2.asm.obj              310     0         0      
       s_scalbn.c.obj                 272     0         0      
       fd_cmp_t2.asm.obj              268     0         0      
       ctype.c.obj                    0       257       0      
       fd_mul_t2.asm.obj              252     0         0      
       memcpy_t2.asm.obj              156     0         0      
       ull_div_t2.asm.obj             150     0         0      
       snprintf.c.obj                 148     0         0      
       memset_t2.asm.obj              122     0         0      
       fd_tos_t2.asm.obj              110     0         0      
       copy_decompress_lzss.c.obj     104     0         0      
       s_frexp.c.obj                  100     0         0      
       autoinit.c.obj                 96      0         0      
       _ltoa.c.obj                    84      0         0      
       atoi.c.obj                     76      0         0      
       fd_toi_t2.asm.obj              72      0         0      
       new.cpp.obj                    54      0         4      
       fs_tod_t2.asm.obj              56      0         0      
       boot_cortex_m.c.obj            52      0         0      
       i_tofd_t2.asm.obj              46      0         0      
       e_sqrtf.c.obj                  40      0         0      
       memcmp.c.obj                   36      0         0      
       copy_zero_init.c.obj           28      0         0      
       memccpy.c.obj                  28      0         0      
       s_copysign.c.obj               26      0         0      
       strchr.c.obj                   22      0         0      
       strlen.c.obj                   20      0         0      
       wcslen.c.obj                   18      0         0      
       copy_decompress_none.c.obj     14      0         0      
       errno.c.obj                    8       0         4      
       _lock.c.obj                    2       0         8      
       error.c.obj                    4       0         0      
       exit.c.obj                     4       0         0      
       pre_init.c.obj                 4       0         0      
       div0.asm.obj                   2       0         0      
    +--+------------------------------+-------+---------+---------+
       Total:                         12891   402       28     
                                                               
       Heap:                          0       0         4096   
       Stack:                         0       0         16384  
       Linker Generated:              0       144       0      
    +--+------------------------------+-------+---------+---------+
       Grand Total:                   42641   4624      21699  


LINKER GENERATED COPY TABLES

__TI_cinit_table @ 0000b8a8 records: 3, size/record: 8, table size: 24
	.data: load addr=0000b830, load size=0000005c bytes, run addr=20005270, run size=00000140 bytes, compression=lzss
	.bss: load addr=0000b898, load size=00000008 bytes, run addr=200053b0, run size=00000117 bytes, compression=zero_init
	.vtable: load addr=0000b8a0, load size=00000008 bytes, run addr=20000000, run size=0000026c bytes, compression=zero_init


LINKER GENERATED HANDLER TABLE

__TI_handler_table @ 0000b88c records: 3, size/record: 4, table size: 12
	index: 0, handler: __TI_zero_init
	index: 1, handler: __TI_decompress_lzss
	index: 2, handler: __TI_decompress_none


GLOBAL SYMBOLS: SORTED ALPHABETICALLY BY Name 

address   name                                                                                                                                                           
-------   ----                                                                                                                                                           
00008f35  Blink_cyclic                                                                                                                                                   
00008f09  Blink_init                                                                                                                                                     
0000a911  C$$EXIT                                                                                                                                                        
0000a1ab  GPIODirModeSet                                                                                                                                                 
0000a769  GPIOIntDisable                                                                                                                                                 
0000a7d9  GPIOIntEnable                                                                                                                                                  
0000a3b9  GPIOIntRegisterPin                                                                                                                                             
00009b39  GPIOIntTypeSet                                                                                                                                                 
000077fd  GPIOPadConfigSet                                                                                                                                               
00009ce5  GPIOPinConfigure                                                                                                                                               
0000a8e1  GPIOPinRead                                                                                                                                                    
0000a5bd  GPIOPinTypeGPIOInput                                                                                                                                           
0000a4f9  GPIOPinTypeGPIOOutput                                                                                                                                          
0000a5d3  GPIOPinTypeI2C                                                                                                                                                 
0000a5e9  GPIOPinTypeI2CSCL                                                                                                                                              
0000a5ff  GPIOPinTypeUART                                                                                                                                                
0000a8e7  GPIOPinWrite                                                                                                                                                   
0000a52d  GPIOUnlockPin                                                                                                                                                  
000073e9  GPIO_clear                                                                                                                                                     
0000731d  GPIO_configure                                                                                                                                                 
000074b7  GPIO_enablePullUp                                                                                                                                              
00007465  GPIO_intConfigure                                                                                                                                              
000074a3  GPIO_intDisable                                                                                                                                                
0000748f  GPIO_intEnable                                                                                                                                                 
00007437  GPIO_read                                                                                                                                                      
000073d1  GPIO_set                                                                                                                                                       
000073ff  GPIO_toggle                                                                                                                                                    
0000a8af  I2CMasterBusy                                                                                                                                                  
0000a8f9  I2CMasterControl                                                                                                                                               
0000a8fd  I2CMasterDataGet                                                                                                                                               
0000a901  I2CMasterDataPut                                                                                                                                               
0000a869  I2CMasterEnable                                                                                                                                                
00009d31  I2CMasterInitExpClk                                                                                                                                            
0000a8b7  I2CMasterSlaveAddrSet                                                                                                                                          
00008475  I2C_IMU_Init                                                                                                                                                   
00008505  I2C_IMU_Read                                                                                                                                                   
000084b1  I2C_IMU_Write                                                                                                                                                  
0000062d  IMU_Cyclic                                                                                                                                                     
00000329  IMU_Init                                                                                                                                                       
00009839  IntEnable                                                                                                                                                      
0000a049  IntRegister                                                                                                                                                    
000070a7  OS_CreateNewTask                                                                                                                                               
00006f73  OS_Init                                                                                                                                                        
00007031  OS_ServeOS                                                                                                                                                     
00006f93  OS_handlerCallBack                                                                                                                                             
0000a85d  ResetISR                                                                                                                                                       
0000a914  SHT$$INIT_ARRAY$$Base                                                                                                                                          
0000a918  SHT$$INIT_ARRAY$$Limit                                                                                                                                         
200054ba  Serial                                                                                                                                                         
00006f45  SycTickInt                                                                                                                                                     
0000824d  SysCtlClockGet                                                                                                                                                 
00008871  SysCtlClockSet                                                                                                                                                 
0000a8ed  SysCtlDelay                                                                                                                                                    
0000a07d  SysCtlPeripheralEnable                                                                                                                                         
00009fa1  SysCtlPeripheralReady                                                                                                                                          
0000a66d  SysTickEnable                                                                                                                                                  
0000a681  SysTickIntEnable                                                                                                                                               
0000a46d  SysTickIntRegister                                                                                                                                             
0000a709  SysTickPeriodSet                                                                                                                                               
0000a2a1  TASKS_100uS                                                                                                                                                    
0000a291  TASKS_1Sec                                                                                                                                                     
0000a299  TASKS_1ms                                                                                                                                                      
0000a28d  TASKS_20ms                                                                                                                                                     
0000a2a3  TASKS_3min                                                                                                                                                     
0000a28f  TASKS_5ms                                                                                                                                                      
0000a281  TASKS_Init                                                                                                                                                     
0000a777  UARTCharGetNonBlocking                                                                                                                                         
0000a785  UARTCharPutNonBlocking                                                                                                                                         
0000a793  UARTCharsAvail                                                                                                                                                 
00009e5d  UARTConfigSetExpClk                                                                                                                                            
0000a359  UARTDisable                                                                                                                                                    
0000a695  UARTEnable                                                                                                                                                     
0000a873  UARTFIFOEnable                                                                                                                                                 
0000a8f3  UARTFIFOLevelSet                                                                                                                                               
0000a905  UARTIntClear                                                                                                                                                   
0000a87d  UARTIntDisable                                                                                                                                                 
0000a8bf  UARTIntEnable                                                                                                                                                  
0000a545  UARTIntRegister                                                                                                                                                
0000a887  UARTIntStatus                                                                                                                                                  
0000a7a1  UARTSpaceAvail                                                                                                                                                 
20005370  UART_ISR                                                                                                                                                       
0000026d  _Z12dmpDataReadyv                                                                                                                                              
0000028f  _Z15attachInterrupthPFvvEh                                                                                                                                     
00000275  _Z17GPIOPortB_Handlerv                                                                                                                                         
0000a719  _Z4asinf                                                                                                                                                       
0000a729  _Z4atanf                                                                                                                                                       
0000a739  _Z4sqrtf                                                                                                                                                       
0000a55d  _Z5atan2ff                                                                                                                                                     
00006129  _Z9uart0_ISRv                                                                                                                                                  
00006133  _Z9uart1_ISRv                                                                                                                                                  
0000613d  _Z9uart2_ISRv                                                                                                                                                  
00006147  _Z9uart3_ISRv                                                                                                                                                  
00006151  _Z9uart4_ISRv                                                                                                                                                  
0000615b  _Z9uart5_ISRv                                                                                                                                                  
00006165  _Z9uart6_ISRv                                                                                                                                                  
0000616f  _Z9uart7_ISRv                                                                                                                                                  
00008679  _ZN10Quaternion10getProductES_                                                                                                                                 
00009f67  _ZN10Quaternion12getConjugateEv                                                                                                                                
0000a0b1  _ZN10QuaternionC1Effff                                                                                                                                         
0000a1d9  _ZN10QuaternionC1Ev                                                                                                                                            
0000a2a5  _ZN11VectorFloatC1Ev                                                                                                                                           
00008c1d  _ZN11VectorInt166rotateEP10Quaternion                                                                                                                          
0000a3d7  _ZN11VectorInt16C1Ev                                                                                                                                           
00008d9d  _ZN4UART10handle_ISREj                                                                                                                                         
00009be9  _ZN4UART18get_uartData_indexE10UART_num_ePh                                                                                                                    
000062c7  _ZN4UART4readEv                                                                                                                                                
00006179  _ZN4UART5beginE10UART_num_e                                                                                                                                    
00006369  _ZN4UART5printERKNSt3__212basic_stringIcNS0_11char_traitsIcEENS0_9allocatorIcEEEE                                                                              
0000637f  _ZN4UART5printEi                                                                                                                                               
00006251  _ZN4UART5writeERKNSt3__212basic_stringIcNS0_11char_traitsIcEENS0_9allocatorIcEEEE                                                                              
0000619f  _ZN4UART5writeEc                                                                                                                                               
000064bd  _ZN4UART6cyclicEv                                                                                                                                              
000063a9  _ZN4UART7printlnERKNSt3__212basic_stringIcNS0_11char_traitsIcEENS0_9allocatorIcEEEE                                                                            
000063d5  _ZN4UART7printlnEa                                                                                                                                             
00006471  _ZN4UART7printlnEh                                                                                                                                             
00006429  _ZN4UART7printlnEi                                                                                                                                             
00006591  _ZN4UART8initUARTE10UART_num_e                                                                                                                                 
000062a3  _ZN4UART9availableEv                                                                                                                                           
0000a575  _ZN4UARTC1Eb                                                                                                                                                   
000067f1  _ZN6I2Cdev10writeBytesEhhhPh                                                                                                                                   
000069cb  _ZN6I2Cdev7readBitEhhhPh                                                                                                                                       
00006a01  _ZN6I2Cdev8readBitsEhhhhPh                                                                                                                                     
0000683f  _ZN6I2Cdev8readByteEhhPh                                                                                                                                       
000068af  _ZN6I2Cdev8writeBitEhhhh                                                                                                                                       
0000685f  _ZN6I2Cdev9readBytesEhhhPh                                                                                                                                     
00006909  _ZN6I2Cdev9writeBitsEhhhhh                                                                                                                                     
000067d1  _ZN6I2Cdev9writeByteEhhh                                                                                                                                       
0000698f  _ZN6I2Cdev9writeWordEhht                                                                                                                                       
0000a7e5  _ZN6I2CdevC1Ev                                                                                                                                                 
00002cbf  _ZN7MPU915010dmpGetGyroEPiPKh                                                                                                                                  
00002d37  _ZN7MPU915010dmpGetGyroEPsPKh                                                                                                                                  
0000436d  _ZN7MPU915010getMotion6EPsS0_S0_S0_S0_S0_                                                                                                                      
000042e3  _ZN7MPU915010getMotion9EPsS0_S0_S0_S0_S0_S0_S0_S0_                                                                                                             
00003287  _ZN7MPU915010initializeEv                                                                                                                                      
000029e5  _ZN7MPU915011dmpGetAccelEP11VectorInt16PKh                                                                                                                     
000028c1  _ZN7MPU915011dmpGetAccelEPiPKh                                                                                                                                 
00002951  _ZN7MPU915011dmpGetAccelEPsPKh                                                                                                                                 
00002f3d  _ZN7MPU915011dmpGetEulerEPfP10Quaternion                                                                                                                       
000034fb  _ZN7MPU915011getDHPFModeEv                                                                                                                                     
00003399  _ZN7MPU915011getDLPFModeEv                                                                                                                                     
00004c71  _ZN7MPU915011getDeviceIDEv                                                                                                                                     
00004c25  _ZN7MPU915011getFIFOByteEv                                                                                                                                     
000044d1  _ZN7MPU915011getRotationEPsS0_S0_                                                                                                                              
00003519  _ZN7MPU915011setDHPFModeEh                                                                                                                                     
000033b7  _ZN7MPU915011setDLPFModeEh                                                                                                                                     
00004c8f  _ZN7MPU915011setDeviceIDEh                                                                                                                                     
00004c3d  _ZN7MPU915011setFIFOByteEh                                                                                                                                     
00004c55  _ZN7MPU915012getFIFOBytesEPhh                                                                                                                                  
00004c01  _ZN7MPU915012getFIFOCountEv                                                                                                                                    
0000420b  _ZN7MPU915012getIntStatusEv                                                                                                                                    
00004523  _ZN7MPU915012getRotationXEv                                                                                                                                    
00004547  _ZN7MPU915012getRotationYEv                                                                                                                                    
0000456b  _ZN7MPU915012getRotationZEv                                                                                                                                    
00004d9b  _ZN7MPU915012getXFineGainEv                                                                                                                                    
00004dcd  _ZN7MPU915012getYFineGainEv                                                                                                                                    
00004dff  _ZN7MPU915012getZFineGainEv                                                                                                                                    
0000494b  _ZN7MPU915012resetSensorsEv                                                                                                                                    
00004db5  _ZN7MPU915012setXFineGainEa                                                                                                                                    
00004de7  _ZN7MPU915012setYFineGainEa                                                                                                                                    
00004e19  _ZN7MPU915012setZFineGainEa                                                                                                                                    
00002e87  _ZN7MPU915013dmpGetGravityEP11VectorFloatP10Quaternion                                                                                                         
00000869  _ZN7MPU915013dmpInitializeEv                                                                                                                                   
00005677  _ZN7MPU915013getDMPConfig1Ev                                                                                                                                   
000056a7  _ZN7MPU915013getDMPConfig2Ev                                                                                                                                   
0000510d  _ZN7MPU915013getDMPEnabledEv                                                                                                                                   
0000407f  _ZN7MPU915013getIntEnabledEv                                                                                                                                   
00003e8f  _ZN7MPU915013getSlave0NackEv                                                                                                                                   
00003e6f  _ZN7MPU915013getSlave1NackEv                                                                                                                                   
00003e4f  _ZN7MPU915013getSlave2NackEv                                                                                                                                   
00003e2f  _ZN7MPU915013getSlave3NackEv                                                                                                                                   
00003e0f  _ZN7MPU915013getSlave4NackEv                                                                                                                                   
0000568f  _ZN7MPU915013setDMPConfig1Eh                                                                                                                                   
000056bf  _ZN7MPU915013setDMPConfig2Eh                                                                                                                                   
0000512d  _ZN7MPU915013setDMPEnabledEb                                                                                                                                   
00004097  _ZN7MPU915013setIntEnabledEh                                                                                                                                   
0000515b  _ZN7MPU915013setMemoryBankEhbb                                                                                                                                 
00004a2d  _ZN7MPU915014getClockSourceEv                                                                                                                                  
00004895  _ZN7MPU915014getFIFOEnabledEv                                                                                                                                  
000044ad  _ZN7MPU915014getTemperatureEv                                                                                                                                  
00004ee5  _ZN7MPU915014getXGyroOffsetEv                                                                                                                                  
00004f21  _ZN7MPU915014getYGyroOffsetEv                                                                                                                                  
00004f5d  _ZN7MPU915014getZGyroOffsetEv                                                                                                                                  
000051c3  _ZN7MPU915014readMemoryByteEv                                                                                                                                  
00004937  _ZN7MPU915014resetI2CMasterEv                                                                                                                                  
00004a4b  _ZN7MPU915014setClockSourceEh                                                                                                                                  
000048b5  _ZN7MPU915014setFIFOEnabledEb                                                                                                                                  
00004f09  _ZN7MPU915014setXGyroOffsetEs                                                                                                                                  
00004f45  _ZN7MPU915014setYGyroOffsetEs                                                                                                                                  
00004f81  _ZN7MPU915014setZGyroOffsetEs                                                                                                                                  
000032b3  _ZN7MPU915014testConnectionEv                                                                                                                                  
000043ef  _ZN7MPU915015getAccelerationEPsS0_S0_                                                                                                                          
000050ed  _ZN7MPU915015getIntDMPStatusEv                                                                                                                                 
00004cad  _ZN7MPU915015getOTPBankValidEv                                                                                                                                 
00003dcf  _ZN7MPU915015getSlave4IsDoneEv                                                                                                                                 
00003961  _ZN7MPU915015getSlaveAddressEh                                                                                                                                 
00003a21  _ZN7MPU915015getSlaveEnabledEh                                                                                                                                 
00004973  _ZN7MPU915015getSleepEnabledEv                                                                                                                                 
00004e31  _ZN7MPU915015getXAccelOffsetEv                                                                                                                                 
00004e6d  _ZN7MPU915015getYAccelOffsetEv                                                                                                                                 
00004ea9  _ZN7MPU915015getZAccelOffsetEv                                                                                                                                 
000051f3  _ZN7MPU915015readMemoryBlockEPhthh                                                                                                                             
00004cc7  _ZN7MPU915015setOTPBankValidEb                                                                                                                                 
00003993  _ZN7MPU915015setSlaveAddressEhh                                                                                                                                
00003a5b  _ZN7MPU915015setSlaveEnabledEhb                                                                                                                                
00004993  _ZN7MPU915015setSleepEnabledEb                                                                                                                                 
00004e55  _ZN7MPU915015setXAccelOffsetEs                                                                                                                                 
00004e91  _ZN7MPU915015setYAccelOffsetEs                                                                                                                                 
00004ecd  _ZN7MPU915015setZAccelOffsetEs                                                                                                                                 
000051db  _ZN7MPU915015writeMemoryByteEh                                                                                                                                 
00002c21  _ZN7MPU915016dmpGetQuaternionEP10QuaternionPKh                                                                                                                 
00002b2f  _ZN7MPU915016dmpGetQuaternionEPiPKh                                                                                                                            
00002bc7  _ZN7MPU915016dmpGetQuaternionEPsPKh                                                                                                                            
00004441  _ZN7MPU915016getAccelerationXEv                                                                                                                                
00004465  _ZN7MPU915016getAccelerationYEv                                                                                                                                
00004489  _ZN7MPU915016getAccelerationZEv                                                                                                                                
000032f9  _ZN7MPU915016getAuxVDDIOLevelEv                                                                                                                                
000050ad  _ZN7MPU915016getDMPInt0StatusEv                                                                                                                                
0000508d  _ZN7MPU915016getDMPInt1StatusEv                                                                                                                                
0000506d  _ZN7MPU915016getDMPInt2StatusEv                                                                                                                                
0000504d  _ZN7MPU915016getDMPInt3StatusEv                                                                                                                                
0000502d  _ZN7MPU915016getDMPInt4StatusEv                                                                                                                                
0000500d  _ZN7MPU915016getDMPInt5StatusEv                                                                                                                                
00004fd3  _ZN7MPU915016getIntDMPEnabledEv                                                                                                                                
00003eaf  _ZN7MPU915016getInterruptModeEv                                                                                                                                
00003c35  _ZN7MPU915016getSlave4AddressEv                                                                                                                                
00003cad  _ZN7MPU915016getSlave4EnabledEv                                                                                                                                
000039c1  _ZN7MPU915016getSlaveRegisterEh                                                                                                                                
00004a69  _ZN7MPU915016getWakeFrequencyEv                                                                                                                                
00004ce1  _ZN7MPU915016getXGyroOffsetTCEv                                                                                                                                
00004d1f  _ZN7MPU915016getYGyroOffsetTCEv                                                                                                                                
00004d5d  _ZN7MPU915016getZGyroOffsetTCEv                                                                                                                                
00003313  _ZN7MPU915016setAuxVDDIOLevelEh                                                                                                                                
00004ff3  _ZN7MPU915016setIntDMPEnabledEb                                                                                                                                
00003ecf  _ZN7MPU915016setInterruptModeEb                                                                                                                                
00003c4d  _ZN7MPU915016setSlave4AddressEh                                                                                                                                
00003ccd  _ZN7MPU915016setSlave4EnabledEb                                                                                                                                
000039f3  _ZN7MPU915016setSlaveRegisterEhh                                                                                                                               
00004a87  _ZN7MPU915016setWakeFrequencyEh                                                                                                                                
00004d01  _ZN7MPU915016setXGyroOffsetTCEa                                                                                                                                
00004d3f  _ZN7MPU915016setYGyroOffsetTCEa                                                                                                                                
00004d7d  _ZN7MPU915016setZGyroOffsetTCEa                                                                                                                                
00004909  _ZN7MPU915016switchSPIEnabledEb                                                                                                                                
000052cd  _ZN7MPU915016writeMemoryBlockEPKhthhbb                                                                                                                         
00002dcf  _ZN7MPU915017dmpGetLinearAccelEP11VectorInt16S1_P11VectorFloat                                                                                                 
00003411  _ZN7MPU915017getAccelXSelfTestEv                                                                                                                               
0000344b  _ZN7MPU915017getAccelYSelfTestEv                                                                                                                               
00003485  _ZN7MPU915017getAccelZSelfTestEv                                                                                                                               
00003ee9  _ZN7MPU915017getInterruptDriveEv                                                                                                                               
00003f23  _ZN7MPU915017getInterruptLatchEv                                                                                                                               
[...]
0000a575  _ZN4UARTC1Eb                                                                                                                                                   
0000a58d  _ZNSt3__212basic_stringIcNS_11char_traitsIcEENS_9allocatorIcEEE6appendEPKc                                                                                     
0000a5bd  GPIOPinTypeGPIOInput                                                                                                                                           
0000a5d3  GPIOPinTypeI2C                                                                                                                                                 
0000a5e9  GPIOPinTypeI2CSCL                                                                                                                                              
0000a5ff  GPIOPinTypeUART                                                                                                                                                
0000a615  _ZNKSt3__212basic_stringIcNS_11char_traitsIcEENS_9allocatorIcEEE4dataEv                                                                                        
0000a62b  _ZNKSt3__212basic_stringIcNS_11char_traitsIcEENS_9allocatorIcEEE4sizeEv                                                                                        
0000a641  _ZNKSt3__212basic_stringIcNS_11char_traitsIcEENS_9allocatorIcEEE5beginEv                                                                                       
0000a657  strchr                                                                                                                                                         
0000a66d  SysTickEnable                                                                                                                                                  
0000a681  SysTickIntEnable                                                                                                                                               
0000a695  UARTEnable                                                                                                                                                     
0000a6a9  _ZNSt3__211__wrap_iterIPKcEppEv                                                                                                                                
0000a6bd  _ZNSt3__211char_traitsIcE6assignERcRKc                                                                                                                         
0000a6d1  strlen                                                                                                                                                         
0000a6e5  _ZNSt3__222__compressed_pair_elemINS_12basic_stringIcNS_11char_traitsIcEENS_9allocatorIcEEE5__repELi0ELb0EEC1Ev                                                
0000a6f7  wcslen                                                                                                                                                         
0000a709  SysTickPeriodSet                                                                                                                                               
0000a719  _Z4asinf                                                                                                                                                       
0000a729  _Z4atanf                                                                                                                                                       
0000a739  _Z4sqrtf                                                                                                                                                       
0000a749  _ZNSt3__222__compressed_pair_elemINS_9allocatorIcEELi1ELb1EEC1IRKS2_vEEOT_                                                                                     
0000a759  _ZNSt3__222__compressed_pair_elemINS_9allocatorIcEELi1ELb1EEC2IRKS2_vEEOT_                                                                                     
0000a769  GPIOIntDisable                                                                                                                                                 
0000a777  UARTCharGetNonBlocking                                                                                                                                         
0000a785  UARTCharPutNonBlocking                                                                                                                                         
0000a793  UARTCharsAvail                                                                                                                                                 
0000a7a1  UARTSpaceAvail                                                                                                                                                 
0000a7af  _ZNKSt3__211__wrap_iterIPKcE4baseEv                                                                                                                            
0000a7bd  _ZNKSt3__211__wrap_iterIPKcEdeEv                                                                                                                               
0000a7cb  __TI_decompress_none                                                                                                                                           
0000a7d9  GPIOIntEnable                                                                                                                                                  
0000a7e5  _ZN6I2CdevC1Ev                                                                                                                                                 
0000a7f1  _ZNKSt3__221__basic_string_commonILb1EE20__throw_length_errorEv                                                                                                
0000a7fd  _ZNKSt3__222__compressed_pair_elemINS_12basic_stringIcNS_11char_traitsIcEENS_9allocatorIcEEE5__repELi0ELb0EE5__getEv                                           
0000a809  _ZNKSt3__222__compressed_pair_elemINS_9allocatorIcEELi1ELb1EE5__getEv                                                                                          
0000a815  _ZNSt3__211char_traitsIcE6lengthEPKc                                                                                                                           
0000a821  _ZNSt3__222__compressed_pair_elemINS_12basic_stringIcNS_11char_traitsIcEENS_9allocatorIcEEE5__repELi0ELb0EE5__getEv                                            
0000a82d  _ZNSt3__222__compressed_pair_elemINS_12basic_stringIcNS_11char_traitsIcEENS_9allocatorIcEEE5__repELi0ELb0EEC2Ev                                                
0000a839  _ZNSt3__24moveIRNS_12basic_stringIcNS_11char_traitsIcEENS_9allocatorIcEEEEEEONS_16remove_referenceIT_E4typeEOS9_                                               
0000a845  _ZNSt3__27forwardIRKNS_9allocatorIcEEEEOT_RNS_16remove_referenceIS5_E4typeE                                                                                    
0000a851  _ZSt15get_new_handlerv                                                                                                                                         
0000a85d  ResetISR                                                                                                                                                       
0000a869  I2CMasterEnable                                                                                                                                                
0000a873  UARTFIFOEnable                                                                                                                                                 
0000a87d  UARTIntDisable                                                                                                                                                 
0000a887  UARTIntStatus                                                                                                                                                  
0000a891  _ZNKSt3__212basic_stringIcNS_11char_traitsIcEENS_9allocatorIcEEE13get_allocatorEv                                                                              
0000a89b  _ZNSt3__220__throw_length_errorEPKc                                                                                                                            
0000a8a5  print_Init                                                                                                                                                     
0000a8a7  print_Cyclic                                                                                                                                                   
0000a8af  I2CMasterBusy                                                                                                                                                  
0000a8b7  I2CMasterSlaveAddrSet                                                                                                                                          
0000a8bf  UARTIntEnable                                                                                                                                                  
0000a8c7  _ZdlPv                                                                                                                                                         
0000a8d1  __aeabi_errno_addr                                                                                                                                             
0000a8d9  malloc                                                                                                                                                         
0000a8e1  GPIOPinRead                                                                                                                                                    
0000a8e7  GPIOPinWrite                                                                                                                                                   
0000a8ed  SysCtlDelay                                                                                                                                                    
0000a8f3  UARTFIFOLevelSet                                                                                                                                               
0000a8f9  I2CMasterControl                                                                                                                                               
0000a8fd  I2CMasterDataGet                                                                                                                                               
0000a901  I2CMasterDataPut                                                                                                                                               
0000a905  UARTIntClear                                                                                                                                                   
0000a909  __abort_execution                                                                                                                                              
0000a90d  _system_pre_init                                                                                                                                               
0000a911  C$$EXIT                                                                                                                                                        
0000a911  _ZSt17__throw_bad_allocv                                                                                                                                       
0000a911  abort                                                                                                                                                          
0000a914  SHT$$INIT_ARRAY$$Base                                                                                                                                          
0000a918  SHT$$INIT_ARRAY$$Limit                                                                                                                                         
0000b0c2  _ctypes_                                                                                                                                                       
0000b7f0  gpio_get_sysctlPerGpio                                                                                                                                         
0000b81c  _ZZNKSt3__221__basic_string_commonILb1EE20__throw_length_errorEvEs                                                                                             
0000b88c  __TI_Handler_Table_Base                                                                                                                                        
0000b898  __TI_Handler_Table_Limit                                                                                                                                       
0000b8a8  __TI_CINIT_Base                                                                                                                                                
0000b8c0  __TI_CINIT_Limit                                                                                                                                               
20000000  __start___llvm_prf_cnts                                                                                                                                        
20000000  __stop___llvm_prf_cnts                                                                                                                                         
20000000  g_pfnRAMVectors                                                                                                                                                
20000270  __stack                                                                                                                                                        
20004270  __STACK_END                                                                                                                                                    
20004270  __STACK_TOP                                                                                                                                                    
20004270  _sys_memory                                                                                                                                                    
20005270  uarts_data                                                                                                                                                     
20005370  UART_ISR                                                                                                                                                       
20005390  _lock                                                                                                                                                          
20005394  _unlock                                                                                                                                                        
200053a0  millis                                                                                                                                                         
200053a5  dmpReady                                                                                                                                                       
200053a6  mpuInterrupt                                                                                                                                                   
200053a8  errno                                                                                                                                                          
200053b0  tasks                                                                                                                                                          
20005428  fifoBuffer                                                                                                                                                     
20005468  mpu                                                                                                                                                            
20005480  q                                                                                                                                                              
20005490  gravity                                                                                                                                                        
2000549c  ypr                                                                                                                                                            
200054a8  aa                                                                                                                                                             
200054ae  aaReal                                                                                                                                                         
200054b4  aaWorld                                                                                                                                                        
200054ba  Serial                                                                                                                                                         
200054c0  fifoCount                                                                                                                                                      
200054c2  packetSize                                                                                                                                                     
200054c5  devStatus                                                                                                                                                      
200054c6  mpuIntStatus                                                                                                                                                   
ffffffff  __TI_pprof_out_hndl                                                                                                                                            
ffffffff  __TI_prof_data_size                                                                                                                                            
ffffffff  __TI_prof_data_start                                                                                                                                           
ffffffff  __binit__                                                                                                                                                      
ffffffff  __c_args__                                                                                                                                                     
ffffffff  binit                                                                                                                                                          
UNDEFED   __mpu_init                                                                                                                                                     
UNDEFED   _system_post_cinit                                                                                                                                             

[583 symbols]
