<?xml version="1.0" encoding="ISO-8859-1" ?>
<link_info>
   <banner>TI ARM Linker PC v20.2.7.LTS</banner>
   <copyright>Copyright (c) 1996-2018 Texas Instruments Incorporated</copyright>
   <link_time>0x6764e912</link_time>
   <link_errors>0x0</link_errors>
   <output_file>BalancingWheel.out</output_file>
   <entry_point>
      <name>_c_int00_noargs</name>
      <address>0xa119</address>
   </entry_point>
   <input_file_list>
      <input_file id="fl-2">
         <path>.\</path>
         <kind>object</kind>
         <file>main.obj</file>
         <name>main.obj</name>
      </input_file>
      <input_file id="fl-3">
         <path>.\</path>
         <kind>object</kind>
         <file>tm4c123gh6pm_startup_ccs.obj</file>
         <name>tm4c123gh6pm_startup_ccs.obj</name>
      </input_file>
      <input_file id="fl-4">
         <path>.\APP\BL\</path>
         <kind>object</kind>
         <file>Blink.obj</file>
         <name>Blink.obj</name>
      </input_file>
      <input_file id="fl-5">
         <path>.\APP\IMU\</path>
         <kind>object</kind>
         <file>IMU.obj</file>
         <name>IMU.obj</name>
      </input_file>
      <input_file id="fl-6">
         <path>.\APP\PRINT\</path>
         <kind>object</kind>
         <file>print.obj</file>
         <name>print.obj</name>
      </input_file>
      <input_file id="fl-7">
         <path>.\BSW\GPIO\</path>
         <kind>object</kind>
         <file>GPIO.obj</file>
         <name>GPIO.obj</name>
      </input_file>
      <input_file id="fl-8">
         <path>.\BSW\I2C\</path>
         <kind>object</kind>
         <file>I2C_IMU.obj</file>
         <name>I2C_IMU.obj</name>
      </input_file>
      <input_file id="fl-9">
         <path>.\BSW\USART\</path>
         <kind>object</kind>
         <file>UART.obj</file>
         <name>UART.obj</name>
      </input_file>
      <input_file id="fl-a">
         <path>.\BoosterButtons\</path>
         <kind>object</kind>
         <file>Buttons.obj</file>
         <name>Buttons.obj</name>
      </input_file>
      <input_file id="fl-b">
         <path>.\DIO\</path>
         <kind>object</kind>
         <file>DIO.obj</file>
         <name>DIO.obj</name>
      </input_file>
      <input_file id="fl-c">
         <path>.\OS\</path>
         <kind>object</kind>
         <file>OS.obj</file>
         <name>OS.obj</name>
      </input_file>
      <input_file id="fl-d">
         <path>.\PWM\</path>
         <kind>object</kind>
         <file>PWM.obj</file>
         <name>PWM.obj</name>
      </input_file>
      <input_file id="fl-e">
         <path>.\Services\CIRCULAR_BUFFER\</path>
         <kind>object</kind>
         <file>CIR_buffer.obj</file>
         <name>CIR_buffer.obj</name>
      </input_file>
      <input_file id="fl-f">
         <path>.\Services\I2CDev\</path>
         <kind>object</kind>
         <file>I2Cdev.obj</file>
         <name>I2Cdev.obj</name>
      </input_file>
      <input_file id="fl-10">
         <path>.\Services\MPU9150\</path>
         <kind>object</kind>
         <file>MPU9150.obj</file>
         <name>MPU9150.obj</name>
      </input_file>
      <input_file id="fl-11">
         <path>.\Services\common\</path>
         <kind>object</kind>
         <file>common.obj</file>
         <name>common.obj</name>
      </input_file>
      <input_file id="fl-12">
         <path>.\TASKS\</path>
         <kind>object</kind>
         <file>TASKS.obj</file>
         <name>TASKS.obj</name>
      </input_file>
      <input_file id="fl-17">
         <kind>object</kind>
         <file>&lt;internal&gt;</file>
         <name>&lt;internal&gt;</name>
      </input_file>
      <input_file id="fl-cd">
         <path>C:\ti\ccs1260\ccs\tools\compiler\ti-cgt-arm_20.2.7.LTS\lib\</path>
         <kind>archive</kind>
         <file>rtsv7M4_T_le_v4SPD16_eabi.lib</file>
         <name>e_asinf.c.obj</name>
      </input_file>
      <input_file id="fl-ce">
         <path>C:\ti\ccs1260\ccs\tools\compiler\ti-cgt-arm_20.2.7.LTS\lib\</path>
         <kind>archive</kind>
         <file>rtsv7M4_T_le_v4SPD16_eabi.lib</file>
         <name>e_atan2f.c.obj</name>
      </input_file>
      <input_file id="fl-cf">
         <path>C:\ti\ccs1260\ccs\tools\compiler\ti-cgt-arm_20.2.7.LTS\lib\</path>
         <kind>archive</kind>
         <file>rtsv7M4_T_le_v4SPD16_eabi.lib</file>
         <name>e_sqrtf.c.obj</name>
      </input_file>
      <input_file id="fl-d0">
         <path>C:\ti\ccs1260\ccs\tools\compiler\ti-cgt-arm_20.2.7.LTS\lib\</path>
         <kind>archive</kind>
         <file>rtsv7M4_T_le_v4SPD16_eabi.lib</file>
         <name>s_atanf.c.obj</name>
      </input_file>
      <input_file id="fl-d1">
         <path>C:\ti\ccs1260\ccs\tools\compiler\ti-cgt-arm_20.2.7.LTS\lib\</path>
         <kind>archive</kind>
         <file>rtsv7M4_T_le_v4SPD16_eabi.lib</file>
         <name>vla_alloc.c.obj</name>
      </input_file>
      <input_file id="fl-d2">
         <path>C:\ti\ccs1260\ccs\tools\compiler\ti-cgt-arm_20.2.7.LTS\lib\</path>
         <kind>archive</kind>
         <file>rtsv7M4_T_le_v4SPD16_eabi.lib</file>
         <name>e_sqrt.c.obj</name>
      </input_file>
      <input_file id="fl-d3">
         <path>C:\ti\ccs1260\ccs\tools\compiler\ti-cgt-arm_20.2.7.LTS\lib\</path>
         <kind>archive</kind>
         <file>rtsv7M4_T_le_v4SPD16_eabi.lib</file>
         <name>new.cpp.obj</name>
      </input_file>
      <input_file id="fl-d4">
         <path>C:\ti\ccs1260\ccs\tools\compiler\ti-cgt-arm_20.2.7.LTS\lib\</path>
         <kind>archive</kind>
         <file>rtsv7M4_T_le_v4SPD16_eabi.lib</file>
         <name>string.cpp.obj</name>
      </input_file>
      <input_file id="fl-d5">
         <path>C:\ti\ccs1260\ccs\tools\compiler\ti-cgt-arm_20.2.7.LTS\lib\</path>
         <kind>archive</kind>
         <file>rtsv7M4_T_le_v4SPD16_eabi.lib</file>
         <name>fd_add_t2.asm.obj</name>
      </input_file>
      <input_file id="fl-d6">
         <path>C:\ti\ccs1260\ccs\tools\compiler\ti-cgt-arm_20.2.7.LTS\lib\</path>
         <kind>archive</kind>
         <file>rtsv7M4_T_le_v4SPD16_eabi.lib</file>
         <name>fd_div_t2.asm.obj</name>
      </input_file>
      <input_file id="fl-d7">
         <path>C:\ti\ccs1260\ccs\tools\compiler\ti-cgt-arm_20.2.7.LTS\lib\</path>
         <kind>archive</kind>
         <file>rtsv7M4_T_le_v4SPD16_eabi.lib</file>
         <name>fd_mul_t2.asm.obj</name>
      </input_file>
      <input_file id="fl-d8">
         <path>C:\ti\ccs1260\ccs\tools\compiler\ti-cgt-arm_20.2.7.LTS\lib\</path>
         <kind>archive</kind>
         <file>rtsv7M4_T_le_v4SPD16_eabi.lib</file>
         <name>fd_tos_t2.asm.obj</name>
      </input_file>
      <input_file id="fl-d9">
         <path>C:\ti\ccs1260\ccs\tools\compiler\ti-cgt-arm_20.2.7.LTS\lib\</path>
         <kind>archive</kind>
         <file>rtsv7M4_T_le_v4SPD16_eabi.lib</file>
         <name>fs_tod_t2.asm.obj</name>
      </input_file>
      <input_file id="fl-da">
         <path>C:\ti\ccs1260\ccs\tools\compiler\ti-cgt-arm_20.2.7.LTS\lib\</path>
         <kind>archive</kind>
         <file>rtsv7M4_T_le_v4SPD16_eabi.lib</file>
         <name>memcpy_t2.asm.obj</name>
      </input_file>
      <input_file id="fl-db">
         <path>C:\ti\ccs1260\ccs\tools\compiler\ti-cgt-arm_20.2.7.LTS\lib\</path>
         <kind>archive</kind>
         <file>rtsv7M4_T_le_v4SPD16_eabi.lib</file>
         <name>memset_t2.asm.obj</name>
      </input_file>
      <input_file id="fl-dc">
         <path>C:\ti\ccs1260\ccs\tools\compiler\ti-cgt-arm_20.2.7.LTS\lib\</path>
         <kind>archive</kind>
         <file>rtsv7M4_T_le_v4SPD16_eabi.lib</file>
         <name>copy_zero_init.c.obj</name>
      </input_file>
      <input_file id="fl-dd">
         <path>C:\ti\ccs1260\ccs\tools\compiler\ti-cgt-arm_20.2.7.LTS\lib\</path>
         <kind>archive</kind>
         <file>rtsv7M4_T_le_v4SPD16_eabi.lib</file>
         <name>copy_decompress_none.c.obj</name>
      </input_file>
      <input_file id="fl-de">
         <path>C:\ti\ccs1260\ccs\tools\compiler\ti-cgt-arm_20.2.7.LTS\lib\</path>
         <kind>archive</kind>
         <file>rtsv7M4_T_le_v4SPD16_eabi.lib</file>
         <name>copy_decompress_lzss.c.obj</name>
      </input_file>
      <input_file id="fl-df">
         <path>C:\ti\ccs1260\ccs\tools\compiler\ti-cgt-arm_20.2.7.LTS\lib\</path>
         <kind>archive</kind>
         <file>rtsv7M4_T_le_v4SPD16_eabi.lib</file>
         <name>exit.c.obj</name>
      </input_file>
      <input_file id="fl-e0">
         <path>C:\ti\ccs1260\ccs\tools\compiler\ti-cgt-arm_20.2.7.LTS\lib\</path>
         <kind>archive</kind>
         <file>rtsv7M4_T_le_v4SPD16_eabi.lib</file>
         <name>_lock.c.obj</name>
      </input_file>
      <input_file id="fl-e1">
         <path>C:\ti\ccs1260\ccs\tools\compiler\ti-cgt-arm_20.2.7.LTS\lib\</path>
         <kind>archive</kind>
         <file>rtsv7M4_T_le_v4SPD16_eabi.lib</file>
         <name>defs.c.obj</name>
      </input_file>
      <input_file id="fl-e2">
         <path>C:\ti\ccs1260\ccs\tools\compiler\ti-cgt-arm_20.2.7.LTS\lib\</path>
         <kind>archive</kind>
         <file>rtsv7M4_T_le_v4SPD16_eabi.lib</file>
         <name>memchr.c.obj</name>
      </input_file>
      <input_file id="fl-e3">
         <path>C:\ti\ccs1260\ccs\tools\compiler\ti-cgt-arm_20.2.7.LTS\lib\</path>
         <kind>archive</kind>
         <file>rtsv7M4_T_le_v4SPD16_eabi.lib</file>
         <name>memcmp.c.obj</name>
      </input_file>
      <input_file id="fl-e4">
         <path>C:\ti\ccs1260\ccs\tools\compiler\ti-cgt-arm_20.2.7.LTS\lib\</path>
         <kind>archive</kind>
         <file>rtsv7M4_T_le_v4SPD16_eabi.lib</file>
         <name>memmov.c.obj</name>
      </input_file>
      <input_file id="fl-e5">
         <path>C:\ti\ccs1260\ccs\tools\compiler\ti-cgt-arm_20.2.7.LTS\lib\</path>
         <kind>archive</kind>
         <file>rtsv7M4_T_le_v4SPD16_eabi.lib</file>
         <name>memory.c.obj</name>
      </input_file>
      <input_file id="fl-e6">
         <path>C:\ti\ccs1260\ccs\tools\compiler\ti-cgt-arm_20.2.7.LTS\lib\</path>
         <kind>archive</kind>
         <file>rtsv7M4_T_le_v4SPD16_eabi.lib</file>
         <name>strlen.c.obj</name>
      </input_file>
      <input_file id="fl-e7">
         <path>C:\ti\ccs1260\ccs\tools\compiler\ti-cgt-arm_20.2.7.LTS\lib\</path>
         <kind>archive</kind>
         <file>rtsv7M4_T_le_v4SPD16_eabi.lib</file>
         <name>strtod.c.obj</name>
      </input_file>
      <input_file id="fl-e8">
         <path>C:\ti\ccs1260\ccs\tools\compiler\ti-cgt-arm_20.2.7.LTS\lib\</path>
         <kind>archive</kind>
         <file>rtsv7M4_T_le_v4SPD16_eabi.lib</file>
         <name>strtof.c.obj</name>
      </input_file>
      <input_file id="fl-e9">
         <path>C:\ti\ccs1260\ccs\tools\compiler\ti-cgt-arm_20.2.7.LTS\lib\</path>
         <kind>archive</kind>
         <file>rtsv7M4_T_le_v4SPD16_eabi.lib</file>
         <name>strtol.c.obj</name>
      </input_file>
      <input_file id="fl-ea">
         <path>C:\ti\ccs1260\ccs\tools\compiler\ti-cgt-arm_20.2.7.LTS\lib\</path>
         <kind>archive</kind>
         <file>rtsv7M4_T_le_v4SPD16_eabi.lib</file>
         <name>strtoll.c.obj</name>
      </input_file>
      <input_file id="fl-eb">
         <path>C:\ti\ccs1260\ccs\tools\compiler\ti-cgt-arm_20.2.7.LTS\lib\</path>
         <kind>archive</kind>
         <file>rtsv7M4_T_le_v4SPD16_eabi.lib</file>
         <name>strtoul.c.obj</name>
      </input_file>
      <input_file id="fl-ec">
         <path>C:\ti\ccs1260\ccs\tools\compiler\ti-cgt-arm_20.2.7.LTS\lib\</path>
         <kind>archive</kind>
         <file>rtsv7M4_T_le_v4SPD16_eabi.lib</file>
         <name>strtoull.c.obj</name>
      </input_file>
      <input_file id="fl-ed">
         <path>C:\ti\ccs1260\ccs\tools\compiler\ti-cgt-arm_20.2.7.LTS\lib\</path>
         <kind>archive</kind>
         <file>rtsv7M4_T_le_v4SPD16_eabi.lib</file>
         <name>boot_cortex_m.c.obj</name>
      </input_file>
      <input_file id="fl-ee">
         <path>C:\ti\ccs1260\ccs\tools\compiler\ti-cgt-arm_20.2.7.LTS\lib\</path>
         <kind>archive</kind>
         <file>rtsv7M4_T_le_v4SPD16_eabi.lib</file>
         <name>errno.c.obj</name>
      </input_file>
      <input_file id="fl-ef">
         <path>C:\ti\ccs1260\ccs\tools\compiler\ti-cgt-arm_20.2.7.LTS\lib\</path>
         <kind>archive</kind>
         <file>rtsv7M4_T_le_v4SPD16_eabi.lib</file>
         <name>s_scalbnf.c.obj</name>
      </input_file>
      <input_file id="fl-f0">
         <path>C:\ti\ccs1260\ccs\tools\compiler\ti-cgt-arm_20.2.7.LTS\lib\</path>
         <kind>archive</kind>
         <file>rtsv7M4_T_le_v4SPD16_eabi.lib</file>
         <name>wcstof.c.obj</name>
      </input_file>
      <input_file id="fl-f1">
         <path>C:\ti\ccs1260\ccs\tools\compiler\ti-cgt-arm_20.2.7.LTS\lib\</path>
         <kind>archive</kind>
         <file>rtsv7M4_T_le_v4SPD16_eabi.lib</file>
         <name>wcstod.c.obj</name>
      </input_file>
      <input_file id="fl-f2">
         <path>C:\ti\ccs1260\ccs\tools\compiler\ti-cgt-arm_20.2.7.LTS\lib\</path>
         <kind>archive</kind>
         <file>rtsv7M4_T_le_v4SPD16_eabi.lib</file>
         <name>wcstold.c.obj</name>
      </input_file>
      <input_file id="fl-f3">
         <path>C:\ti\ccs1260\ccs\tools\compiler\ti-cgt-arm_20.2.7.LTS\lib\</path>
         <kind>archive</kind>
         <file>rtsv7M4_T_le_v4SPD16_eabi.lib</file>
         <name>wcstol.c.obj</name>
      </input_file>
      <input_file id="fl-f4">
         <path>C:\ti\ccs1260\ccs\tools\compiler\ti-cgt-arm_20.2.7.LTS\lib\</path>
         <kind>archive</kind>
         <file>rtsv7M4_T_le_v4SPD16_eabi.lib</file>
         <name>wcstoul.c.obj</name>
      </input_file>
      <input_file id="fl-f5">
         <path>C:\ti\ccs1260\ccs\tools\compiler\ti-cgt-arm_20.2.7.LTS\lib\</path>
         <kind>archive</kind>
         <file>rtsv7M4_T_le_v4SPD16_eabi.lib</file>
         <name>wcstoll.c.obj</name>
      </input_file>
      <input_file id="fl-f6">
         <path>C:\ti\ccs1260\ccs\tools\compiler\ti-cgt-arm_20.2.7.LTS\lib\</path>
         <kind>archive</kind>
         <file>rtsv7M4_T_le_v4SPD16_eabi.lib</file>
         <name>wcstoull.c.obj</name>
      </input_file>
      <input_file id="fl-f7">
         <path>C:\ti\ccs1260\ccs\tools\compiler\ti-cgt-arm_20.2.7.LTS\lib\</path>
         <kind>archive</kind>
         <file>rtsv7M4_T_le_v4SPD16_eabi.lib</file>
         <name>swprintf.c.obj</name>
      </input_file>
      <input_file id="fl-f8">
         <path>C:\ti\ccs1260\ccs\tools\compiler\ti-cgt-arm_20.2.7.LTS\lib\</path>
         <kind>archive</kind>
         <file>rtsv7M4_T_le_v4SPD16_eabi.lib</file>
         <name>wcslen.c.obj</name>
      </input_file>
      <input_file id="fl-f9">
         <path>C:\ti\ccs1260\ccs\tools\compiler\ti-cgt-arm_20.2.7.LTS\lib\</path>
         <kind>archive</kind>
         <file>rtsv7M4_T_le_v4SPD16_eabi.lib</file>
         <name>wmemchr.c.obj</name>
      </input_file>
      <input_file id="fl-fa">
         <path>C:\ti\ccs1260\ccs\tools\compiler\ti-cgt-arm_20.2.7.LTS\lib\</path>
         <kind>archive</kind>
         <file>rtsv7M4_T_le_v4SPD16_eabi.lib</file>
         <name>wmemcpy.c.obj</name>
      </input_file>
      <input_file id="fl-fb">
         <path>C:\ti\ccs1260\ccs\tools\compiler\ti-cgt-arm_20.2.7.LTS\lib\</path>
         <kind>archive</kind>
         <file>rtsv7M4_T_le_v4SPD16_eabi.lib</file>
         <name>wmemcmp.c.obj</name>
      </input_file>
      <input_file id="fl-fc">
         <path>C:\ti\ccs1260\ccs\tools\compiler\ti-cgt-arm_20.2.7.LTS\lib\</path>
         <kind>archive</kind>
         <file>rtsv7M4_T_le_v4SPD16_eabi.lib</file>
         <name>wmemmove.c.obj</name>
      </input_file>
      <input_file id="fl-fd">
         <path>C:\ti\ccs1260\ccs\tools\compiler\ti-cgt-arm_20.2.7.LTS\lib\</path>
         <kind>archive</kind>
         <file>rtsv7M4_T_le_v4SPD16_eabi.lib</file>
         <name>wmemset.c.obj</name>
      </input_file>
      <input_file id="fl-fe">
         <path>C:\ti\ccs1260\ccs\tools\compiler\ti-cgt-arm_20.2.7.LTS\lib\</path>
         <kind>archive</kind>
         <file>rtsv7M4_T_le_v4SPD16_eabi.lib</file>
         <name>none_mb.c.obj</name>
      </input_file>
      <input_file id="fl-ff">
         <path>C:\ti\ccs1260\ccs\tools\compiler\ti-cgt-arm_20.2.7.LTS\lib\</path>
         <kind>archive</kind>
         <file>rtsv7M4_T_le_v4SPD16_eabi.lib</file>
         <name>vswprintf.c.obj</name>
      </input_file>
      <input_file id="fl-100">
         <path>C:\ti\ccs1260\ccs\tools\compiler\ti-cgt-arm_20.2.7.LTS\lib\</path>
         <kind>archive</kind>
         <file>rtsv7M4_T_le_v4SPD16_eabi.lib</file>
         <name>error.c.obj</name>
      </input_file>
      <input_file id="fl-101">
         <path>C:\ti\ccs1260\ccs\tools\compiler\ti-cgt-arm_20.2.7.LTS\lib\</path>
         <kind>archive</kind>
         <file>rtsv7M4_T_le_v4SPD16_eabi.lib</file>
         <name>s_scalbn.c.obj</name>
      </input_file>
      <input_file id="fl-102">
         <path>C:\ti\ccs1260\ccs\tools\compiler\ti-cgt-arm_20.2.7.LTS\lib\</path>
         <kind>archive</kind>
         <file>rtsv7M4_T_le_v4SPD16_eabi.lib</file>
         <name>locale_stdlib.c.obj</name>
      </input_file>
      <input_file id="fl-103">
         <path>C:\ti\ccs1260\ccs\tools\compiler\ti-cgt-arm_20.2.7.LTS\lib\</path>
         <kind>archive</kind>
         <file>rtsv7M4_T_le_v4SPD16_eabi.lib</file>
         <name>locale_wchar.c.obj</name>
      </input_file>
      <input_file id="fl-104">
         <path>C:\ti\ccs1260\ccs\tools\compiler\ti-cgt-arm_20.2.7.LTS\lib\</path>
         <kind>archive</kind>
         <file>rtsv7M4_T_le_v4SPD16_eabi.lib</file>
         <name>fprintf.c.obj</name>
      </input_file>
      <input_file id="fl-105">
         <path>C:\ti\ccs1260\ccs\tools\compiler\ti-cgt-arm_20.2.7.LTS\lib\</path>
         <kind>archive</kind>
         <file>rtsv7M4_T_le_v4SPD16_eabi.lib</file>
         <name>_printfi.c.obj</name>
      </input_file>
      <input_file id="fl-106">
         <path>C:\ti\ccs1260\ccs\tools\compiler\ti-cgt-arm_20.2.7.LTS\lib\</path>
         <kind>archive</kind>
         <file>rtsv7M4_T_le_v4SPD16_eabi.lib</file>
         <name>snprintf.c.obj</name>
      </input_file>
      <input_file id="fl-107">
         <path>C:\ti\ccs1260\ccs\tools\compiler\ti-cgt-arm_20.2.7.LTS\lib\</path>
         <kind>archive</kind>
         <file>rtsv7M4_T_le_v4SPD16_eabi.lib</file>
         <name>vsnprintf.c.obj</name>
      </input_file>
      <input_file id="fl-108">
         <path>C:\ti\ccs1260\ccs\tools\compiler\ti-cgt-arm_20.2.7.LTS\lib\</path>
         <kind>archive</kind>
         <file>rtsv7M4_T_le_v4SPD16_eabi.lib</file>
         <name>fputc.c.obj</name>
      </input_file>
      <input_file id="fl-109">
         <path>C:\ti\ccs1260\ccs\tools\compiler\ti-cgt-arm_20.2.7.LTS\lib\</path>
         <kind>archive</kind>
         <file>rtsv7M4_T_le_v4SPD16_eabi.lib</file>
         <name>fputs.c.obj</name>
      </input_file>
      <input_file id="fl-10a">
         <path>C:\ti\ccs1260\ccs\tools\compiler\ti-cgt-arm_20.2.7.LTS\lib\</path>
         <kind>archive</kind>
         <file>rtsv7M4_T_le_v4SPD16_eabi.lib</file>
         <name>_io_perm.c.obj</name>
      </input_file>
      <input_file id="fl-10b">
         <path>C:\ti\ccs1260\ccs\tools\compiler\ti-cgt-arm_20.2.7.LTS\lib\</path>
         <kind>archive</kind>
         <file>rtsv7M4_T_le_v4SPD16_eabi.lib</file>
         <name>setvbuf.c.obj</name>
      </input_file>
      <input_file id="fl-10c">
         <path>C:\ti\ccs1260\ccs\tools\compiler\ti-cgt-arm_20.2.7.LTS\lib\</path>
         <kind>archive</kind>
         <file>rtsv7M4_T_le_v4SPD16_eabi.lib</file>
         <name>s_copysignf.c.obj</name>
      </input_file>
      <input_file id="fl-10d">
         <path>C:\ti\ccs1260\ccs\tools\compiler\ti-cgt-arm_20.2.7.LTS\lib\</path>
         <kind>archive</kind>
         <file>rtsv7M4_T_le_v4SPD16_eabi.lib</file>
         <name>fd_cmp_t2.asm.obj</name>
      </input_file>
      <input_file id="fl-10e">
         <path>C:\ti\ccs1260\ccs\tools\compiler\ti-cgt-arm_20.2.7.LTS\lib\</path>
         <kind>archive</kind>
         <file>rtsv7M4_T_le_v4SPD16_eabi.lib</file>
         <name>fd_toi_t2.asm.obj</name>
      </input_file>
      <input_file id="fl-10f">
         <path>C:\ti\ccs1260\ccs\tools\compiler\ti-cgt-arm_20.2.7.LTS\lib\</path>
         <kind>archive</kind>
         <file>rtsv7M4_T_le_v4SPD16_eabi.lib</file>
         <name>i_tofd_t2.asm.obj</name>
      </input_file>
      <input_file id="fl-110">
         <path>C:\ti\ccs1260\ccs\tools\compiler\ti-cgt-arm_20.2.7.LTS\lib\</path>
         <kind>archive</kind>
         <file>rtsv7M4_T_le_v4SPD16_eabi.lib</file>
         <name>ll_mul_t2.asm.obj</name>
      </input_file>
      <input_file id="fl-111">
         <path>C:\ti\ccs1260\ccs\tools\compiler\ti-cgt-arm_20.2.7.LTS\lib\</path>
         <kind>archive</kind>
         <file>rtsv7M4_T_le_v4SPD16_eabi.lib</file>
         <name>u_divt2.asm.obj</name>
      </input_file>
      <input_file id="fl-112">
         <path>C:\ti\ccs1260\ccs\tools\compiler\ti-cgt-arm_20.2.7.LTS\lib\</path>
         <kind>archive</kind>
         <file>rtsv7M4_T_le_v4SPD16_eabi.lib</file>
         <name>ull_div_t2.asm.obj</name>
      </input_file>
      <input_file id="fl-113">
         <path>C:\ti\ccs1260\ccs\tools\compiler\ti-cgt-arm_20.2.7.LTS\lib\</path>
         <kind>archive</kind>
         <file>rtsv7M4_T_le_v4SPD16_eabi.lib</file>
         <name>autoinit.c.obj</name>
      </input_file>
      <input_file id="fl-114">
         <path>C:\ti\ccs1260\ccs\tools\compiler\ti-cgt-arm_20.2.7.LTS\lib\</path>
         <kind>archive</kind>
         <file>rtsv7M4_T_le_v4SPD16_eabi.lib</file>
         <name>pre_init.c.obj</name>
      </input_file>
      <input_file id="fl-115">
         <path>C:\ti\ccs1260\ccs\tools\compiler\ti-cgt-arm_20.2.7.LTS\lib\</path>
         <kind>archive</kind>
         <file>rtsv7M4_T_le_v4SPD16_eabi.lib</file>
         <name>cpy_tbl.c.obj</name>
      </input_file>
      <input_file id="fl-116">
         <path>C:\ti\ccs1260\ccs\tools\compiler\ti-cgt-arm_20.2.7.LTS\lib\</path>
         <kind>archive</kind>
         <file>rtsv7M4_T_le_v4SPD16_eabi.lib</file>
         <name>_ltoa.c.obj</name>
      </input_file>
      <input_file id="fl-117">
         <path>C:\ti\ccs1260\ccs\tools\compiler\ti-cgt-arm_20.2.7.LTS\lib\</path>
         <kind>archive</kind>
         <file>rtsv7M4_T_le_v4SPD16_eabi.lib</file>
         <name>args_main.c.obj</name>
      </input_file>
      <input_file id="fl-118">
         <path>C:\ti\ccs1260\ccs\tools\compiler\ti-cgt-arm_20.2.7.LTS\lib\</path>
         <kind>archive</kind>
         <file>rtsv7M4_T_le_v4SPD16_eabi.lib</file>
         <name>atoi.c.obj</name>
      </input_file>
      <input_file id="fl-119">
         <path>C:\ti\ccs1260\ccs\tools\compiler\ti-cgt-arm_20.2.7.LTS\lib\</path>
         <kind>archive</kind>
         <file>rtsv7M4_T_le_v4SPD16_eabi.lib</file>
         <name>atol.c.obj</name>
      </input_file>
      <input_file id="fl-11a">
         <path>C:\ti\ccs1260\ccs\tools\compiler\ti-cgt-arm_20.2.7.LTS\lib\</path>
         <kind>archive</kind>
         <file>rtsv7M4_T_le_v4SPD16_eabi.lib</file>
         <name>atoll.c.obj</name>
      </input_file>
      <input_file id="fl-11b">
         <path>C:\ti\ccs1260\ccs\tools\compiler\ti-cgt-arm_20.2.7.LTS\lib\</path>
         <kind>archive</kind>
         <file>rtsv7M4_T_le_v4SPD16_eabi.lib</file>
         <name>ctype.c.obj</name>
      </input_file>
      <input_file id="fl-11c">
         <path>C:\ti\ccs1260\ccs\tools\compiler\ti-cgt-arm_20.2.7.LTS\lib\</path>
         <kind>archive</kind>
         <file>rtsv7M4_T_le_v4SPD16_eabi.lib</file>
         <name>memccpy.c.obj</name>
      </input_file>
      <input_file id="fl-11d">
         <path>C:\ti\ccs1260\ccs\tools\compiler\ti-cgt-arm_20.2.7.LTS\lib\</path>
         <kind>archive</kind>
         <file>rtsv7M4_T_le_v4SPD16_eabi.lib</file>
         <name>strchr.c.obj</name>
      </input_file>
      <input_file id="fl-11e">
         <path>C:\ti\ccs1260\ccs\tools\compiler\ti-cgt-arm_20.2.7.LTS\lib\</path>
         <kind>archive</kind>
         <file>rtsv7M4_T_le_v4SPD16_eabi.lib</file>
         <name>wctype.c.obj</name>
      </input_file>
      <input_file id="fl-11f">
         <path>C:\ti\ccs1260\ccs\tools\compiler\ti-cgt-arm_20.2.7.LTS\lib\</path>
         <kind>archive</kind>
         <file>rtsv7M4_T_le_v4SPD16_eabi.lib</file>
         <name>write.c.obj</name>
      </input_file>
      <input_file id="fl-120">
         <path>C:\ti\ccs1260\ccs\tools\compiler\ti-cgt-arm_20.2.7.LTS\lib\</path>
         <kind>archive</kind>
         <file>rtsv7M4_T_le_v4SPD16_eabi.lib</file>
         <name>host_device.c.obj</name>
      </input_file>
      <input_file id="fl-121">
         <path>C:\ti\ccs1260\ccs\tools\compiler\ti-cgt-arm_20.2.7.LTS\lib\</path>
         <kind>archive</kind>
         <file>rtsv7M4_T_le_v4SPD16_eabi.lib</file>
         <name>fgetwc.c.obj</name>
      </input_file>
      <input_file id="fl-122">
         <path>C:\ti\ccs1260\ccs\tools\compiler\ti-cgt-arm_20.2.7.LTS\lib\</path>
         <kind>archive</kind>
         <file>rtsv7M4_T_le_v4SPD16_eabi.lib</file>
         <name>fgetws.c.obj</name>
      </input_file>
      <input_file id="fl-123">
         <path>C:\ti\ccs1260\ccs\tools\compiler\ti-cgt-arm_20.2.7.LTS\lib\</path>
         <kind>archive</kind>
         <file>rtsv7M4_T_le_v4SPD16_eabi.lib</file>
         <name>fputws.c.obj</name>
      </input_file>
      <input_file id="fl-124">
         <path>C:\ti\ccs1260\ccs\tools\compiler\ti-cgt-arm_20.2.7.LTS\lib\</path>
         <kind>archive</kind>
         <file>rtsv7M4_T_le_v4SPD16_eabi.lib</file>
         <name>vfwprintf.c.obj</name>
      </input_file>
      <input_file id="fl-125">
         <path>C:\ti\ccs1260\ccs\tools\compiler\ti-cgt-arm_20.2.7.LTS\lib\</path>
         <kind>archive</kind>
         <file>rtsv7M4_T_le_v4SPD16_eabi.lib</file>
         <name>vfwscanf.c.obj</name>
      </input_file>
      <input_file id="fl-126">
         <path>C:\ti\ccs1260\ccs\tools\compiler\ti-cgt-arm_20.2.7.LTS\lib\</path>
         <kind>archive</kind>
         <file>rtsv7M4_T_le_v4SPD16_eabi.lib</file>
         <name>wcscoll.c.obj</name>
      </input_file>
      <input_file id="fl-127">
         <path>C:\ti\ccs1260\ccs\tools\compiler\ti-cgt-arm_20.2.7.LTS\lib\</path>
         <kind>archive</kind>
         <file>rtsv7M4_T_le_v4SPD16_eabi.lib</file>
         <name>wcsxfrm.c.obj</name>
      </input_file>
      <input_file id="fl-128">
         <path>C:\ti\ccs1260\ccs\tools\compiler\ti-cgt-arm_20.2.7.LTS\lib\</path>
         <kind>archive</kind>
         <file>rtsv7M4_T_le_v4SPD16_eabi.lib</file>
         <name>s_copysign.c.obj</name>
      </input_file>
      <input_file id="fl-129">
         <path>C:\ti\ccs1260\ccs\tools\compiler\ti-cgt-arm_20.2.7.LTS\lib\</path>
         <kind>archive</kind>
         <file>rtsv7M4_T_le_v4SPD16_eabi.lib</file>
         <name>s_frexp.c.obj</name>
      </input_file>
      <input_file id="fl-12a">
         <path>C:\ti\ccs1260\ccs\tools\compiler\ti-cgt-arm_20.2.7.LTS\lib\</path>
         <kind>archive</kind>
         <file>rtsv7M4_T_le_v4SPD16_eabi.lib</file>
         <name>vfprintf.c.obj</name>
      </input_file>
      <input_file id="fl-12b">
         <path>C:\ti\ccs1260\ccs\tools\compiler\ti-cgt-arm_20.2.7.LTS\lib\</path>
         <kind>archive</kind>
         <file>rtsv7M4_T_le_v4SPD16_eabi.lib</file>
         <name>fscanf.c.obj</name>
      </input_file>
      <input_file id="fl-12c">
         <path>C:\ti\ccs1260\ccs\tools\compiler\ti-cgt-arm_20.2.7.LTS\lib\</path>
         <kind>archive</kind>
         <file>rtsv7M4_T_le_v4SPD16_eabi.lib</file>
         <name>fflush.c.obj</name>
      </input_file>
      <input_file id="fl-12d">
         <path>C:\ti\ccs1260\ccs\tools\compiler\ti-cgt-arm_20.2.7.LTS\lib\</path>
         <kind>archive</kind>
         <file>rtsv7M4_T_le_v4SPD16_eabi.lib</file>
         <name>fgetc.c.obj</name>
      </input_file>
      <input_file id="fl-12e">
         <path>C:\ti\ccs1260\ccs\tools\compiler\ti-cgt-arm_20.2.7.LTS\lib\</path>
         <kind>archive</kind>
         <file>rtsv7M4_T_le_v4SPD16_eabi.lib</file>
         <name>fgets.c.obj</name>
      </input_file>
      <input_file id="fl-12f">
         <path>C:\ti\ccs1260\ccs\tools\compiler\ti-cgt-arm_20.2.7.LTS\lib\</path>
         <kind>archive</kind>
         <file>rtsv7M4_T_le_v4SPD16_eabi.lib</file>
         <name>fopen.c.obj</name>
      </input_file>
      <input_file id="fl-130">
         <path>C:\ti\ccs1260\ccs\tools\compiler\ti-cgt-arm_20.2.7.LTS\lib\</path>
         <kind>archive</kind>
         <file>rtsv7M4_T_le_v4SPD16_eabi.lib</file>
         <name>fseek.c.obj</name>
      </input_file>
      <input_file id="fl-131">
         <path>C:\ti\ccs1260\ccs\tools\compiler\ti-cgt-arm_20.2.7.LTS\lib\</path>
         <kind>archive</kind>
         <file>rtsv7M4_T_le_v4SPD16_eabi.lib</file>
         <name>_bufread.c.obj</name>
      </input_file>
      <input_file id="fl-132">
         <path>C:\ti\ccs1260\ccs\tools\compiler\ti-cgt-arm_20.2.7.LTS\lib\</path>
         <kind>archive</kind>
         <file>rtsv7M4_T_le_v4SPD16_eabi.lib</file>
         <name>ungetc.c.obj</name>
      </input_file>
      <input_file id="fl-133">
         <path>C:\ti\ccs1260\ccs\tools\compiler\ti-cgt-arm_20.2.7.LTS\lib\</path>
         <kind>archive</kind>
         <file>rtsv7M4_T_le_v4SPD16_eabi.lib</file>
         <name>div0.asm.obj</name>
      </input_file>
      <input_file id="fl-134">
         <path>C:\ti\ccs1260\ccs\tools\compiler\ti-cgt-arm_20.2.7.LTS\lib\</path>
         <kind>archive</kind>
         <file>rtsv7M4_T_le_v4SPD16_eabi.lib</file>
         <name>strcmp.c.obj</name>
      </input_file>
      <input_file id="fl-135">
         <path>C:\ti\ccs1260\ccs\tools\compiler\ti-cgt-arm_20.2.7.LTS\lib\</path>
         <kind>archive</kind>
         <file>rtsv7M4_T_le_v4SPD16_eabi.lib</file>
         <name>hostclose.c.obj</name>
      </input_file>
      <input_file id="fl-136">
         <path>C:\ti\ccs1260\ccs\tools\compiler\ti-cgt-arm_20.2.7.LTS\lib\</path>
         <kind>archive</kind>
         <file>rtsv7M4_T_le_v4SPD16_eabi.lib</file>
         <name>hostlseek.c.obj</name>
      </input_file>
      <input_file id="fl-137">
         <path>C:\ti\ccs1260\ccs\tools\compiler\ti-cgt-arm_20.2.7.LTS\lib\</path>
         <kind>archive</kind>
         <file>rtsv7M4_T_le_v4SPD16_eabi.lib</file>
         <name>hostopen.c.obj</name>
      </input_file>
      <input_file id="fl-138">
         <path>C:\ti\ccs1260\ccs\tools\compiler\ti-cgt-arm_20.2.7.LTS\lib\</path>
         <kind>archive</kind>
         <file>rtsv7M4_T_le_v4SPD16_eabi.lib</file>
         <name>hostread.c.obj</name>
      </input_file>
      <input_file id="fl-139">
         <path>C:\ti\ccs1260\ccs\tools\compiler\ti-cgt-arm_20.2.7.LTS\lib\</path>
         <kind>archive</kind>
         <file>rtsv7M4_T_le_v4SPD16_eabi.lib</file>
         <name>hostrename.c.obj</name>
      </input_file>
      <input_file id="fl-13a">
         <path>C:\ti\ccs1260\ccs\tools\compiler\ti-cgt-arm_20.2.7.LTS\lib\</path>
         <kind>archive</kind>
         <file>rtsv7M4_T_le_v4SPD16_eabi.lib</file>
         <name>hostunlink.c.obj</name>
      </input_file>
      <input_file id="fl-13b">
         <path>C:\ti\ccs1260\ccs\tools\compiler\ti-cgt-arm_20.2.7.LTS\lib\</path>
         <kind>archive</kind>
         <file>rtsv7M4_T_le_v4SPD16_eabi.lib</file>
         <name>hostwrite.c.obj</name>
      </input_file>
      <input_file id="fl-13c">
         <path>C:\ti\ccs1260\ccs\tools\compiler\ti-cgt-arm_20.2.7.LTS\lib\</path>
         <kind>archive</kind>
         <file>rtsv7M4_T_le_v4SPD16_eabi.lib</file>
         <name>trgmsg.c.obj</name>
      </input_file>
      <input_file id="fl-13d">
         <path>C:\ti\ccs1260\ccs\tools\compiler\ti-cgt-arm_20.2.7.LTS\lib\</path>
         <kind>archive</kind>
         <file>rtsv7M4_T_le_v4SPD16_eabi.lib</file>
         <name>read.c.obj</name>
      </input_file>
      <input_file id="fl-13e">
         <path>C:\ti\ccs1260\ccs\tools\compiler\ti-cgt-arm_20.2.7.LTS\lib\</path>
         <kind>archive</kind>
         <file>rtsv7M4_T_le_v4SPD16_eabi.lib</file>
         <name>open.c.obj</name>
      </input_file>
      <input_file id="fl-13f">
         <path>C:\ti\ccs1260\ccs\tools\compiler\ti-cgt-arm_20.2.7.LTS\lib\</path>
         <kind>archive</kind>
         <file>rtsv7M4_T_le_v4SPD16_eabi.lib</file>
         <name>lseek.c.obj</name>
      </input_file>
      <input_file id="fl-140">
         <path>C:\ti\ccs1260\ccs\tools\compiler\ti-cgt-arm_20.2.7.LTS\lib\</path>
         <kind>archive</kind>
         <file>rtsv7M4_T_le_v4SPD16_eabi.lib</file>
         <name>_scanfi.c.obj</name>
      </input_file>
      <input_file id="fl-141">
         <path>C:\ti\ccs1260\ccs\tools\compiler\ti-cgt-arm_20.2.7.LTS\lib\</path>
         <kind>archive</kind>
         <file>rtsv7M4_T_le_v4SPD16_eabi.lib</file>
         <name>fclose.c.obj</name>
      </input_file>
      <input_file id="fl-142">
         <path>C:\ti\ccs1260\ccs\tools\compiler\ti-cgt-arm_20.2.7.LTS\lib\</path>
         <kind>archive</kind>
         <file>rtsv7M4_T_le_v4SPD16_eabi.lib</file>
         <name>getdevice.c.obj</name>
      </input_file>
      <input_file id="fl-143">
         <path>C:\ti\ccs1260\ccs\tools\compiler\ti-cgt-arm_20.2.7.LTS\lib\</path>
         <kind>archive</kind>
         <file>rtsv7M4_T_le_v4SPD16_eabi.lib</file>
         <name>strcpy.c.obj</name>
      </input_file>
      <input_file id="fl-144">
         <path>C:\ti\ccs1260\ccs\tools\compiler\ti-cgt-arm_20.2.7.LTS\lib\</path>
         <kind>archive</kind>
         <file>rtsv7M4_T_le_v4SPD16_eabi.lib</file>
         <name>strncpy.c.obj</name>
      </input_file>
      <input_file id="fl-145">
         <path>C:\ti\ccs1260\ccs\tools\compiler\ti-cgt-arm_20.2.7.LTS\lib\</path>
         <kind>archive</kind>
         <file>rtsv7M4_T_le_v4SPD16_eabi.lib</file>
         <name>strrchr.c.obj</name>
      </input_file>
      <input_file id="fl-146">
         <path>C:\ti\ccs1260\ccs\tools\compiler\ti-cgt-arm_20.2.7.LTS\lib\</path>
         <kind>archive</kind>
         <file>rtsv7M4_T_le_v4SPD16_eabi.lib</file>
         <name>remove.c.obj</name>
      </input_file>
      <input_file id="fl-147">
         <path>C:\ti\ccs1260\ccs\tools\compiler\ti-cgt-arm_20.2.7.LTS\lib\</path>
         <kind>archive</kind>
         <file>rtsv7M4_T_le_v4SPD16_eabi.lib</file>
         <name>close.c.obj</name>
      </input_file>
      <input_file id="fl-148">
         <path>C:\ti\ccs1260\ccs\tools\compiler\ti-cgt-arm_20.2.7.LTS\lib\</path>
         <kind>archive</kind>
         <file>rtsv7M4_T_le_v4SPD16_eabi.lib</file>
         <name>unlink.c.obj</name>
      </input_file>
      <input_file id="fl-149">
         <path>C:\ti\TivaWare_C_Series-2.2.0.295\driverlib\ccs\Debug\</path>
         <kind>archive</kind>
         <file>driverlib.lib</file>
         <name>gpio.obj</name>
      </input_file>
      <input_file id="fl-14a">
         <path>C:\ti\TivaWare_C_Series-2.2.0.295\driverlib\ccs\Debug\</path>
         <kind>archive</kind>
         <file>driverlib.lib</file>
         <name>i2c.obj</name>
      </input_file>
      <input_file id="fl-14b">
         <path>C:\ti\TivaWare_C_Series-2.2.0.295\driverlib\ccs\Debug\</path>
         <kind>archive</kind>
         <file>driverlib.lib</file>
         <name>interrupt.obj</name>
      </input_file>
      <input_file id="fl-14c">
         <path>C:\ti\TivaWare_C_Series-2.2.0.295\driverlib\ccs\Debug\</path>
         <kind>archive</kind>
         <file>driverlib.lib</file>
         <name>sysctl.obj</name>
      </input_file>
      <input_file id="fl-14d">
         <path>C:\ti\TivaWare_C_Series-2.2.0.295\driverlib\ccs\Debug\</path>
         <kind>archive</kind>
         <file>driverlib.lib</file>
         <name>systick.obj</name>
      </input_file>
      <input_file id="fl-14e">
         <path>C:\ti\TivaWare_C_Series-2.2.0.295\driverlib\ccs\Debug\</path>
         <kind>archive</kind>
         <file>driverlib.lib</file>
         <name>uart.obj</name>
      </input_file>
      <input_file id="fl-14f">
         <path>C:\ti\TivaWare_C_Series-2.2.0.295\driverlib\ccs\Debug\</path>
         <kind>archive</kind>
         <file>driverlib.lib</file>
         <name>cpu.obj</name>
      </input_file>
   </input_file_list>
   <object_component_list>
      <object_component id="oc-12">
         <name>.intvecs</name>
         <load_address>0x0</load_address>
         <run_address>0x0</run_address>
         <size>0x26c</size>
         <input_file_ref idref="fl-3"/>
      </object_component>
      <object_component id="oc-6f">
         <name>.text</name>
         <load_address>0x26c</load_address>
         <run_address>0x26c</run_address>
         <size>0x2fe4</size>
         <input_file_ref idref="fl-5"/>
      </object_component>
      <object_component id="oc-d2">
         <name>.text</name>
         <load_address>0x3250</load_address>
         <run_address>0x3250</run_address>
         <size>0x2486</size>
         <input_file_ref idref="fl-10"/>
      </object_component>
      <object_component id="oc-94f">
         <name>.text:_ZNSt3__211char_traitsIcE11to_int_typeEc</name>
         <load_address>0x56d6</load_address>
         <run_address>0x56d6</run_address>
         <size>0x2</size>
         <input_file_ref idref="fl-d4"/>
      </object_component>
      <object_component id="oc-6bd">
         <name>.text:__TI_printfi</name>
         <load_address>0x56d8</load_address>
         <run_address>0x56d8</run_address>
         <size>0xa4e</size>
         <input_file_ref idref="fl-105"/>
      </object_component>
      <object_component id="oc-76f">
         <name>.text:_nop</name>
         <load_address>0x6126</load_address>
         <run_address>0x6126</run_address>
         <size>0x2</size>
         <input_file_ref idref="fl-e0"/>
      </object_component>
      <object_component id="oc-be">
         <name>.text</name>
         <load_address>0x6128</load_address>
         <run_address>0x6128</run_address>
         <size>0x6a8</size>
         <input_file_ref idref="fl-9"/>
      </object_component>
      <object_component id="oc-10f">
         <name>.text</name>
         <load_address>0x67d0</load_address>
         <run_address>0x67d0</run_address>
         <size>0x29c</size>
         <input_file_ref idref="fl-f"/>
      </object_component>
      <object_component id="oc-836">
         <name>.text:_pconv_a</name>
         <load_address>0x6a6c</load_address>
         <run_address>0x6a6c</run_address>
         <size>0x270</size>
         <input_file_ref idref="fl-105"/>
      </object_component>
      <object_component id="oc-20a">
         <name>.text</name>
         <load_address>0x6cdc</load_address>
         <run_address>0x6cdc</run_address>
         <size>0x266</size>
         <input_file_ref idref="fl-e"/>
      </object_component>
      <object_component id="oc-95b">
         <name>.text</name>
         <load_address>0x6f42</load_address>
         <run_address>0x6f42</run_address>
         <size>0x2</size>
         <input_file_ref idref="fl-133"/>
      </object_component>
      <object_component id="oc-d8">
         <name>.text</name>
         <load_address>0x6f44</load_address>
         <run_address>0x6f44</run_address>
         <size>0x208</size>
         <input_file_ref idref="fl-c"/>
      </object_component>
      <object_component id="oc-824">
         <name>.text:_pconv_g</name>
         <load_address>0x714c</load_address>
         <run_address>0x714c</run_address>
         <size>0x1d0</size>
         <input_file_ref idref="fl-105"/>
      </object_component>
      <object_component id="oc-e4">
         <name>.text</name>
         <load_address>0x731c</load_address>
         <run_address>0x731c</run_address>
         <size>0x1b8</size>
         <input_file_ref idref="fl-7"/>
      </object_component>
      <object_component id="oc-73f">
         <name>.text</name>
         <load_address>0x74d4</load_address>
         <run_address>0x74d4</run_address>
         <size>0x1b6</size>
         <input_file_ref idref="fl-d5"/>
      </object_component>
      <object_component id="oc-4a8">
         <name>.text:asinf</name>
         <load_address>0x768c</load_address>
         <run_address>0x768c</run_address>
         <size>0x170</size>
         <input_file_ref idref="fl-cd"/>
      </object_component>
      <object_component id="oc-3b3">
         <name>.text:GPIOPadConfigSet</name>
         <load_address>0x77fc</load_address>
         <run_address>0x77fc</run_address>
         <size>0x16c</size>
         <input_file_ref idref="fl-149"/>
      </object_component>
      <object_component id="oc-4a2">
         <name>.text:atan2f</name>
         <load_address>0x7968</load_address>
         <run_address>0x7968</run_address>
         <size>0x158</size>
         <input_file_ref idref="fl-ce"/>
      </object_component>
      <object_component id="oc-734">
         <name>.text:sqrt</name>
         <load_address>0x7ac0</load_address>
         <run_address>0x7ac0</run_address>
         <size>0x158</size>
         <input_file_ref idref="fl-d2"/>
      </object_component>
      <object_component id="oc-4b4">
         <name>.text:atanf</name>
         <load_address>0x7c18</load_address>
         <run_address>0x7c18</run_address>
         <size>0x150</size>
         <input_file_ref idref="fl-d0"/>
      </object_component>
      <object_component id="oc-141">
         <name>.text:__vla_alloc</name>
         <load_address>0x7d68</load_address>
         <run_address>0x7d68</run_address>
         <size>0x14c</size>
         <input_file_ref idref="fl-d1"/>
      </object_component>
      <object_component id="oc-830">
         <name>.text:_pconv_e</name>
         <load_address>0x7eb4</load_address>
         <run_address>0x7eb4</run_address>
         <size>0x13c</size>
         <input_file_ref idref="fl-105"/>
      </object_component>
      <object_component id="oc-fa">
         <name>.text</name>
         <load_address>0x7ff0</load_address>
         <run_address>0x7ff0</run_address>
         <size>0x136</size>
         <input_file_ref idref="fl-d6"/>
      </object_component>
      <object_component id="oc-8fd">
         <name>.text:fcvt</name>
         <load_address>0x8128</load_address>
         <run_address>0x8128</run_address>
         <size>0x124</size>
         <input_file_ref idref="fl-105"/>
      </object_component>
      <object_component id="oc-278">
         <name>.text:SysCtlClockGet</name>
         <load_address>0x824c</load_address>
         <run_address>0x824c</run_address>
         <size>0x118</size>
         <input_file_ref idref="fl-14c"/>
      </object_component>
      <object_component id="oc-911">
         <name>.text:scalbn</name>
         <load_address>0x8364</load_address>
         <run_address>0x8364</run_address>
         <size>0x110</size>
         <input_file_ref idref="fl-101"/>
      </object_component>
      <object_component id="oc-47e">
         <name>.text</name>
         <load_address>0x8474</load_address>
         <run_address>0x8474</run_address>
         <size>0x104</size>
         <input_file_ref idref="fl-8"/>
      </object_component>
      <object_component id="oc-64b">
         <name>.text:aligned_alloc</name>
         <load_address>0x8578</load_address>
         <run_address>0x8578</run_address>
         <size>0x100</size>
         <input_file_ref idref="fl-e5"/>
      </object_component>
      <object_component id="oc-494">
         <name>.text:_ZN10Quaternion10getProductES_</name>
         <load_address>0x8678</load_address>
         <run_address>0x8678</run_address>
         <size>0xfc</size>
         <input_file_ref idref="fl-5"/>
      </object_component>
      <object_component id="oc-73a">
         <name>.text</name>
         <load_address>0x8774</load_address>
         <run_address>0x8774</run_address>
         <size>0xfc</size>
         <input_file_ref idref="fl-d7"/>
      </object_component>
      <object_component id="oc-33f">
         <name>.text:SysCtlClockSet</name>
         <load_address>0x8870</load_address>
         <run_address>0x8870</run_address>
         <size>0xf4</size>
         <input_file_ref idref="fl-14c"/>
      </object_component>
      <object_component id="oc-7b4">
         <name>.text:_ZNSt3__212basic_stringIcNS_11char_traitsIcEENS_9allocatorIcEEE21__grow_by_and_replaceEjjjjjjPKc</name>
         <load_address>0x8964</load_address>
         <run_address>0x8964</run_address>
         <size>0xf0</size>
         <input_file_ref idref="fl-d4"/>
      </object_component>
      <object_component id="oc-326">
         <name>.text:free</name>
         <load_address>0x8a54</load_address>
         <run_address>0x8a54</run_address>
         <size>0xe4</size>
         <input_file_ref idref="fl-e5"/>
      </object_component>
      <object_component id="oc-32c">
         <name>.text:realloc</name>
         <load_address>0x8b38</load_address>
         <run_address>0x8b38</run_address>
         <size>0xe4</size>
         <input_file_ref idref="fl-e5"/>
      </object_component>
      <object_component id="oc-11e">
         <name>.text:_ZN11VectorInt166rotateEP10Quaternion</name>
         <load_address>0x8c1c</load_address>
         <run_address>0x8c1c</run_address>
         <size>0xc0</size>
         <input_file_ref idref="fl-5"/>
      </object_component>
      <object_component id="oc-8c1">
         <name>.text:_ZNSt3__212basic_stringIcNS_11char_traitsIcEENS_9allocatorIcEEE9__grow_byEjjjjjj</name>
         <load_address>0x8cdc</load_address>
         <run_address>0x8cdc</run_address>
         <size>0xc0</size>
         <input_file_ref idref="fl-d4"/>
      </object_component>
      <object_component id="oc-1f0">
         <name>.text:_ZN4UART10handle_ISREj</name>
         <load_address>0x8d9c</load_address>
         <run_address>0x8d9c</run_address>
         <size>0xb8</size>
         <input_file_ref idref="fl-9"/>
      </object_component>
      <object_component id="oc-819">
         <name>.text:_ltostr</name>
         <load_address>0x8e54</load_address>
         <run_address>0x8e54</run_address>
         <size>0xb1</size>
         <input_file_ref idref="fl-105"/>
      </object_component>
      <object_component id="oc-4de">
         <name>.text</name>
         <load_address>0x8f08</load_address>
         <run_address>0x8f08</run_address>
         <size>0xa8</size>
         <input_file_ref idref="fl-4"/>
      </object_component>
      <object_component id="oc-54f">
         <name>.text:_ZNSt3__212basic_stringIcNS_11char_traitsIcEENS_9allocatorIcEEE6appendEPKcj</name>
         <load_address>0x8fb0</load_address>
         <run_address>0x8fb0</run_address>
         <size>0xa4</size>
         <input_file_ref idref="fl-d4"/>
      </object_component>
      <object_component id="oc-80c">
         <name>.text:_ZNSt3__212basic_stringIcNS_11char_traitsIcEENS_9allocatorIcEEE6appendEjc</name>
         <load_address>0x9054</load_address>
         <run_address>0x9054</run_address>
         <size>0x9c</size>
         <input_file_ref idref="fl-d4"/>
      </object_component>
      <object_component id="oc-3f">
         <name>.text</name>
         <load_address>0x90f0</load_address>
         <run_address>0x90f0</run_address>
         <size>0x9c</size>
         <input_file_ref idref="fl-da"/>
      </object_component>
      <object_component id="oc-8d4">
         <name>.text</name>
         <load_address>0x918c</load_address>
         <run_address>0x918c</run_address>
         <size>0x96</size>
         <input_file_ref idref="fl-112"/>
      </object_component>
      <object_component id="oc-81f">
         <name>.text:__aeabi_cdcmple</name>
         <load_address>0x9222</load_address>
         <run_address>0x9222</run_address>
         <size>0x86</size>
         <input_file_ref idref="fl-10d"/>
      </object_component>
      <object_component id="oc-8db">
         <name>.text:__aeabi_cdrcmple</name>
         <load_address>0x92a8</load_address>
         <run_address>0x92a8</run_address>
         <size>0x86</size>
         <input_file_ref idref="fl-10d"/>
      </object_component>
      <object_component id="oc-472">
         <name>.text:_ZNSt3__234_GLOBAL__N__10_string_cpp_11932bae9as_stringINS_12basic_stringIcNS_11char_traitsIcEENS_9allocatorIcEEEEPFYiPcjPKczEdEET_T0_SD_PKNSD_10value_typeET1_</name>
         <load_address>0x932e</load_address>
         <run_address>0x932e</run_address>
         <size>0x7e</size>
         <input_file_ref idref="fl-d4"/>
      </object_component>
      <object_component id="oc-370">
         <name>.text:_ZNSt3__234_GLOBAL__N__10_string_cpp_11932bae9as_stringINS_12basic_stringIcNS_11char_traitsIcEENS_9allocatorIcEEEEPFYiPcjPKczEiEET_T0_SD_PKNSD_10value_typeET1_</name>
         <load_address>0x93ac</load_address>
         <run_address>0x93ac</run_address>
         <size>0x7c</size>
         <input_file_ref idref="fl-d4"/>
      </object_component>
      <object_component id="oc-9d">
         <name>.text</name>
         <load_address>0x9428</load_address>
         <run_address>0x9428</run_address>
         <size>0x7a</size>
         <input_file_ref idref="fl-db"/>
      </object_component>
      <object_component id="oc-4c0">
         <name>.text:_ZN33_INTERNAL_11_vla_alloc_c_be8bd49b21free_dead_allocationsEPv</name>
         <load_address>0x94a4</load_address>
         <run_address>0x94a4</run_address>
         <size>0x78</size>
         <input_file_ref idref="fl-d1"/>
      </object_component>
      <object_component id="oc-6b6">
         <name>.text:_ZNSt3__212basic_stringIcNS_11char_traitsIcEENS_9allocatorIcEEE6resizeEjc</name>
         <load_address>0x951c</load_address>
         <run_address>0x951c</run_address>
         <size>0x76</size>
         <input_file_ref idref="fl-d4"/>
      </object_component>
      <object_component id="oc-2f1">
         <name>.text:_ZNSt3__212basic_stringIcNS_11char_traitsIcEENS_9allocatorIcEEE6__initEPKcj</name>
         <load_address>0x9592</load_address>
         <run_address>0x9592</run_address>
         <size>0x74</size>
         <input_file_ref idref="fl-d4"/>
      </object_component>
      <object_component id="oc-548">
         <name>.text:_ZNSt3__212basic_stringIcNS_11char_traitsIcEENS_9allocatorIcEEE6__initEPKcjj</name>
         <load_address>0x9606</load_address>
         <run_address>0x9606</run_address>
         <size>0x74</size>
         <input_file_ref idref="fl-d4"/>
      </object_component>
      <object_component id="oc-147">
         <name>.text:__vla_dealloc</name>
         <load_address>0x967c</load_address>
         <run_address>0x967c</run_address>
         <size>0x70</size>
         <input_file_ref idref="fl-d1"/>
      </object_component>
      <object_component id="oc-661">
         <name>.text:split</name>
         <load_address>0x96ec</load_address>
         <run_address>0x96ec</run_address>
         <size>0x70</size>
         <input_file_ref idref="fl-e5"/>
      </object_component>
      <object_component id="oc-8f6">
         <name>.text:_mcpy</name>
         <load_address>0x975c</load_address>
         <run_address>0x975c</run_address>
         <size>0x6e</size>
         <input_file_ref idref="fl-105"/>
      </object_component>
      <object_component id="oc-744">
         <name>.text</name>
         <load_address>0x97ca</load_address>
         <run_address>0x97ca</run_address>
         <size>0x6e</size>
         <input_file_ref idref="fl-d8"/>
      </object_component>
      <object_component id="oc-2a8">
         <name>.text:IntEnable</name>
         <load_address>0x9838</load_address>
         <run_address>0x9838</run_address>
         <size>0x68</size>
         <input_file_ref idref="fl-14b"/>
      </object_component>
      <object_component id="oc-15">
         <name>.text:decompress:lzss:__TI_decompress_lzss</name>
         <load_address>0x98a0</load_address>
         <run_address>0x98a0</run_address>
         <size>0x68</size>
         <input_file_ref idref="fl-de"/>
      </object_component>
      <object_component id="oc-90b">
         <name>.text:frexp</name>
         <load_address>0x9908</load_address>
         <run_address>0x9908</run_address>
         <size>0x64</size>
         <input_file_ref idref="fl-129"/>
      </object_component>
      <object_component id="oc-1c2">
         <name>.text:__TI_auto_init_nobinit:__TI_auto_init_nobinit</name>
         <load_address>0x996c</load_address>
         <run_address>0x996c</run_address>
         <size>0x60</size>
         <input_file_ref idref="fl-113"/>
      </object_component>
      <object_component id="oc-23a">
         <name>.text:_ZNSt3__2plIcNS_11char_traitsIcEENS_9allocatorIcEEEENS_12basic_stringIT_T0_T1_EERKS9_PKS6_</name>
         <load_address>0x99cc</load_address>
         <run_address>0x99cc</run_address>
         <size>0x5c</size>
         <input_file_ref idref="fl-9"/>
      </object_component>
      <object_component id="oc-a9">
         <name>.text</name>
         <load_address>0x9a28</load_address>
         <run_address>0x9a28</run_address>
         <size>0x5c</size>
         <input_file_ref idref="fl-2"/>
      </object_component>
      <object_component id="oc-46b">
         <name>.text:_ZNKSt3__234_GLOBAL__N__10_string_cpp_11932bae14initial_stringINS_12basic_stringIcNS_11char_traitsIcEENS_9allocatorIcEEEEdLb1EEclEv</name>
         <load_address>0x9a84</load_address>
         <run_address>0x9a84</run_address>
         <size>0x5a</size>
         <input_file_ref idref="fl-d4"/>
      </object_component>
      <object_component id="oc-369">
         <name>.text:_ZNKSt3__234_GLOBAL__N__10_string_cpp_11932bae14initial_stringINS_12basic_stringIcNS_11char_traitsIcEENS_9allocatorIcEEEEiLb0EEclEv</name>
         <load_address>0x9ade</load_address>
         <run_address>0x9ade</run_address>
         <size>0x5a</size>
         <input_file_ref idref="fl-d4"/>
      </object_component>
      <object_component id="oc-39b">
         <name>.text:GPIOIntTypeSet</name>
         <load_address>0x9b38</load_address>
         <run_address>0x9b38</run_address>
         <size>0x58</size>
         <input_file_ref idref="fl-149"/>
      </object_component>
      <object_component id="oc-82a">
         <name>.text:_pconv_f</name>
         <load_address>0x9b90</load_address>
         <run_address>0x9b90</run_address>
         <size>0x56</size>
         <input_file_ref idref="fl-105"/>
      </object_component>
      <object_component id="oc-1f7">
         <name>.text:_ZN4UART18get_uartData_indexE10UART_num_ePh</name>
         <load_address>0x9be8</load_address>
         <run_address>0x9be8</run_address>
         <size>0x54</size>
         <input_file_ref idref="fl-9"/>
      </object_component>
      <object_component id="oc-8e5">
         <name>.text:__TI_ltoa</name>
         <load_address>0x9c3c</load_address>
         <run_address>0x9c3c</run_address>
         <size>0x54</size>
         <input_file_ref idref="fl-116"/>
      </object_component>
      <object_component id="oc-8f0">
         <name>.text:_ecpy</name>
         <load_address>0x9c90</load_address>
         <run_address>0x9c90</run_address>
         <size>0x52</size>
         <input_file_ref idref="fl-105"/>
      </object_component>
      <object_component id="oc-29c">
         <name>.text:GPIOPinConfigure</name>
         <load_address>0x9ce4</load_address>
         <run_address>0x9ce4</run_address>
         <size>0x4c</size>
         <input_file_ref idref="fl-149"/>
      </object_component>
      <object_component id="oc-706">
         <name>.text:I2CMasterInitExpClk</name>
         <load_address>0x9d30</load_address>
         <run_address>0x9d30</run_address>
         <size>0x4c</size>
         <input_file_ref idref="fl-14a"/>
      </object_component>
      <object_component id="oc-813">
         <name>.text:atoi</name>
         <load_address>0x9d7c</load_address>
         <run_address>0x9d7c</run_address>
         <size>0x4c</size>
         <input_file_ref idref="fl-118"/>
      </object_component>
      <object_component id="oc-377">
         <name>.text:snprintf</name>
         <load_address>0x9dc8</load_address>
         <run_address>0x9dc8</run_address>
         <size>0x4c</size>
         <input_file_ref idref="fl-106"/>
      </object_component>
      <object_component id="oc-8e0">
         <name>.text</name>
         <load_address>0x9e14</load_address>
         <run_address>0x9e14</run_address>
         <size>0x48</size>
         <input_file_ref idref="fl-10e"/>
      </object_component>
      <object_component id="oc-27e">
         <name>.text:UARTConfigSetExpClk</name>
         <load_address>0x9e5c</load_address>
         <run_address>0x9e5c</run_address>
         <size>0x46</size>
         <input_file_ref idref="fl-14e"/>
      </object_component>
      <object_component id="oc-6e5">
         <name>.text:_GPIOIntNumberGet</name>
         <load_address>0x9ea4</load_address>
         <run_address>0x9ea4</run_address>
         <size>0x44</size>
         <input_file_ref idref="fl-149"/>
      </object_component>
      <object_component id="oc-5a9">
         <name>.text:_UARTIntNumberGet</name>
         <load_address>0x9ee8</load_address>
         <run_address>0x9ee8</run_address>
         <size>0x40</size>
         <input_file_ref idref="fl-14e"/>
      </object_component>
      <object_component id="oc-903">
         <name>.text:_fcpy</name>
         <load_address>0x9f28</load_address>
         <run_address>0x9f28</run_address>
         <size>0x3e</size>
         <input_file_ref idref="fl-105"/>
      </object_component>
      <object_component id="oc-49b">
         <name>.text:_ZN10Quaternion12getConjugateEv</name>
         <load_address>0x9f66</load_address>
         <run_address>0x9f66</run_address>
         <size>0x3a</size>
         <input_file_ref idref="fl-5"/>
      </object_component>
      <object_component id="oc-272">
         <name>.text:SysCtlPeripheralReady</name>
         <load_address>0x9fa0</load_address>
         <run_address>0x9fa0</run_address>
         <size>0x38</size>
         <input_file_ref idref="fl-14c"/>
      </object_component>
      <object_component id="oc-ff">
         <name>.text:_ZNSt3__29to_stringEd</name>
         <load_address>0x9fd8</load_address>
         <run_address>0x9fd8</run_address>
         <size>0x38</size>
         <input_file_ref idref="fl-d4"/>
      </object_component>
      <object_component id="oc-f5">
         <name>.text</name>
         <load_address>0xa010</load_address>
         <run_address>0xa010</run_address>
         <size>0x38</size>
         <input_file_ref idref="fl-d9"/>
      </object_component>
      <object_component id="oc-5af">
         <name>.text:IntRegister</name>
         <load_address>0xa048</load_address>
         <run_address>0xa048</run_address>
         <size>0x34</size>
         <input_file_ref idref="fl-14b"/>
      </object_component>
      <object_component id="oc-26c">
         <name>.text:SysCtlPeripheralEnable</name>
         <load_address>0xa07c</load_address>
         <run_address>0xa07c</run_address>
         <size>0x34</size>
         <input_file_ref idref="fl-14c"/>
      </object_component>
      <object_component id="oc-48d">
         <name>.text:_ZN10QuaternionC1Effff</name>
         <load_address>0xa0b0</load_address>
         <run_address>0xa0b0</run_address>
         <size>0x34</size>
         <input_file_ref idref="fl-5"/>
      </object_component>
      <object_component id="oc-de">
         <name>.text:_ZNSt3__29to_stringEi</name>
         <load_address>0xa0e4</load_address>
         <run_address>0xa0e4</run_address>
         <size>0x34</size>
         <input_file_ref idref="fl-d4"/>
      </object_component>
      <object_component id="oc-5d">
         <name>.text:_c_int00_noargs:_c_int00_noargs</name>
         <load_address>0xa118</load_address>
         <run_address>0xa118</run_address>
         <size>0x34</size>
         <input_file_ref idref="fl-ed"/>
      </object_component>
      <object_component id="oc-6c3">
         <name>.text:_outs</name>
         <load_address>0xa14c</load_address>
         <run_address>0xa14c</run_address>
         <size>0x30</size>
         <input_file_ref idref="fl-106"/>
      </object_component>
      <object_component id="oc-8eb">
         <name>.text</name>
         <load_address>0xa17c</load_address>
         <run_address>0xa17c</run_address>
         <size>0x2e</size>
         <input_file_ref idref="fl-10f"/>
      </object_component>
      <object_component id="oc-59e">
         <name>.text:GPIODirModeSet</name>
         <load_address>0xa1aa</load_address>
         <run_address>0xa1aa</run_address>
         <size>0x2c</size>
         <input_file_ref idref="fl-149"/>
      </object_component>
      <object_component id="oc-14d">
         <name>.text:_ZN10QuaternionC1Ev</name>
         <load_address>0xa1d8</load_address>
         <run_address>0xa1d8</run_address>
         <size>0x2c</size>
         <input_file_ref idref="fl-5"/>
      </object_component>
      <object_component id="oc-53a">
         <name>.text:_ZNSt3__212basic_stringIcNS_11char_traitsIcEENS_9allocatorIcEEEC1ERKS4_</name>
         <load_address>0xa204</load_address>
         <run_address>0xa204</run_address>
         <size>0x2c</size>
         <input_file_ref idref="fl-d4"/>
      </object_component>
      <object_component id="oc-65a">
         <name>.text:free_list_insert</name>
         <load_address>0xa230</load_address>
         <run_address>0xa230</run_address>
         <size>0x28</size>
         <input_file_ref idref="fl-e5"/>
      </object_component>
      <object_component id="oc-4ae">
         <name>.text:sqrtf</name>
         <load_address>0xa258</load_address>
         <run_address>0xa258</run_address>
         <size>0x28</size>
         <input_file_ref idref="fl-cf"/>
      </object_component>
      <object_component id="oc-1a9">
         <name>.text</name>
         <load_address>0xa280</load_address>
         <run_address>0xa280</run_address>
         <size>0x24</size>
         <input_file_ref idref="fl-12"/>
      </object_component>
      <object_component id="oc-15b">
         <name>.text:_ZN11VectorFloatC1Ev</name>
         <load_address>0xa2a4</load_address>
         <run_address>0xa2a4</run_address>
         <size>0x24</size>
         <input_file_ref idref="fl-5"/>
      </object_component>
      <object_component id="oc-217">
         <name>.text:_ZNKSt3__212basic_stringIcNS_11char_traitsIcEENS_9allocatorIcEEE3endEv</name>
         <load_address>0xa2c8</load_address>
         <run_address>0xa2c8</run_address>
         <size>0x24</size>
         <input_file_ref idref="fl-d4"/>
      </object_component>
      <object_component id="oc-556">
         <name>.text:_ZNSt3__212basic_stringIcNS_11char_traitsIcEENS_9allocatorIcEEEC1EOS5_</name>
         <load_address>0xa2ec</load_address>
         <run_address>0xa2ec</run_address>
         <size>0x24</size>
         <input_file_ref idref="fl-d4"/>
      </object_component>
      <object_component id="oc-320">
         <name>.text:memcmp</name>
         <load_address>0xa310</load_address>
         <run_address>0xa310</run_address>
         <size>0x24</size>
         <input_file_ref idref="fl-e3"/>
      </object_component>
      <object_component id="oc-266">
         <name>.text:_Znwj</name>
         <load_address>0xa334</load_address>
         <run_address>0xa334</run_address>
         <size>0x22</size>
         <input_file_ref idref="fl-d3"/>
      </object_component>
      <object_component id="oc-58d">
         <name>.text:UARTDisable</name>
         <load_address>0xa358</load_address>
         <run_address>0xa358</run_address>
         <size>0x20</size>
         <input_file_ref idref="fl-14e"/>
      </object_component>
      <object_component id="oc-cb">
         <name>.text:_ZNSt3__212basic_stringIcNS_11char_traitsIcEENS_9allocatorIcEEED1Ev</name>
         <load_address>0xa378</load_address>
         <run_address>0xa378</run_address>
         <size>0x20</size>
         <input_file_ref idref="fl-d4"/>
      </object_component>
      <object_component id="oc-52c">
         <name>.text:_ZNSt3__2eqIPKcS2_EEbRKNS_11__wrap_iterIT_EERKNS3_IT0_EE</name>
         <load_address>0xa398</load_address>
         <run_address>0xa398</run_address>
         <size>0x20</size>
         <input_file_ref idref="fl-9"/>
      </object_component>
      <object_component id="oc-3a1">
         <name>.text:GPIOIntRegisterPin</name>
         <load_address>0xa3b8</load_address>
         <run_address>0xa3b8</run_address>
         <size>0x1e</size>
         <input_file_ref idref="fl-149"/>
      </object_component>
      <object_component id="oc-154">
         <name>.text:_ZN11VectorInt16C1Ev</name>
         <load_address>0xa3d6</load_address>
         <run_address>0xa3d6</run_address>
         <size>0x1e</size>
         <input_file_ref idref="fl-5"/>
      </object_component>
      <object_component id="oc-8c8">
         <name>.text:_ZNSt3__211char_traitsIcE6assignEPcjc</name>
         <load_address>0xa3f4</load_address>
         <run_address>0xa3f4</run_address>
         <size>0x1e</size>
         <input_file_ref idref="fl-d4"/>
      </object_component>
      <object_component id="oc-c4">
         <name>.text:_ZNSt3__212basic_stringIcNS_11char_traitsIcEENS_9allocatorIcEEEC1EPKc</name>
         <load_address>0xa412</load_address>
         <run_address>0xa412</run_address>
         <size>0x1e</size>
         <input_file_ref idref="fl-d4"/>
      </object_component>
      <object_component id="oc-22c">
         <name>.text:_ZNSt3__2neIPKcEEbRKNS_11__wrap_iterIT_EES7_</name>
         <load_address>0xa430</load_address>
         <run_address>0xa430</run_address>
         <size>0x1e</size>
         <input_file_ref idref="fl-9"/>
      </object_component>
      <object_component id="oc-241">
         <name>.text:_ZNSt3__2plIcNS_11char_traitsIcEENS_9allocatorIcEEEENS_12basic_stringIT_T0_T1_EEOS9_PKS6_</name>
         <load_address>0xa44e</load_address>
         <run_address>0xa44e</run_address>
         <size>0x1e</size>
         <input_file_ref idref="fl-9"/>
      </object_component>
      <object_component id="oc-34b">
         <name>.text:SysTickIntRegister</name>
         <load_address>0xa46c</load_address>
         <run_address>0xa46c</run_address>
         <size>0x1c</size>
         <input_file_ref idref="fl-14d"/>
      </object_component>
      <object_component id="oc-606">
         <name>.text:_ZNSt3__211char_traitsIcE4copyEPcPKcj</name>
         <load_address>0xa488</load_address>
         <run_address>0xa488</run_address>
         <size>0x1c</size>
         <input_file_ref idref="fl-5"/>
      </object_component>
      <object_component id="oc-4b">
         <name>.text:decompress:ZI:__TI_zero_init_nomemset:__TI_zero_init_nomemset</name>
         <load_address>0xa4a4</load_address>
         <run_address>0xa4a4</run_address>
         <size>0x1c</size>
         <input_file_ref idref="fl-dc"/>
      </object_component>
      <object_component id="oc-654">
         <name>.text:free_list_remove</name>
         <load_address>0xa4c0</load_address>
         <run_address>0xa4c0</run_address>
         <size>0x1c</size>
         <input_file_ref idref="fl-e5"/>
      </object_component>
      <object_component id="oc-83c">
         <name>.text:memccpy</name>
         <load_address>0xa4dc</load_address>
         <run_address>0xa4dc</run_address>
         <size>0x1c</size>
         <input_file_ref idref="fl-11c"/>
      </object_component>
      <object_component id="oc-389">
         <name>.text:GPIOPinTypeGPIOOutput</name>
         <load_address>0xa4f8</load_address>
         <run_address>0xa4f8</run_address>
         <size>0x1a</size>
         <input_file_ref idref="fl-149"/>
      </object_component>
      <object_component id="oc-96c">
         <name>.text:copysign</name>
         <load_address>0xa512</load_address>
         <run_address>0xa512</run_address>
         <size>0x1a</size>
         <input_file_ref idref="fl-128"/>
      </object_component>
      <object_component id="oc-290">
         <name>.text:GPIOUnlockPin</name>
         <load_address>0xa52c</load_address>
         <run_address>0xa52c</run_address>
         <size>0x18</size>
         <input_file_ref idref="fl-149"/>
      </object_component>
      <object_component id="oc-2a2">
         <name>.text:UARTIntRegister</name>
         <load_address>0xa544</load_address>
         <run_address>0xa544</run_address>
         <size>0x18</size>
         <input_file_ref idref="fl-14e"/>
      </object_component>
      <object_component id="oc-125">
         <name>.text:_Z5atan2ff</name>
         <load_address>0xa55c</load_address>
         <run_address>0xa55c</run_address>
         <size>0x18</size>
         <input_file_ref idref="fl-5"/>
      </object_component>
      <object_component id="oc-162">
         <name>.text:_ZN4UARTC1Eb</name>
         <load_address>0xa574</load_address>
         <run_address>0xa574</run_address>
         <size>0x18</size>
         <input_file_ref idref="fl-5"/>
      </object_component>
      <object_component id="oc-55d">
         <name>.text:_ZNSt3__212basic_stringIcNS_11char_traitsIcEENS_9allocatorIcEEE6appendEPKc</name>
         <load_address>0xa58c</load_address>
         <run_address>0xa58c</run_address>
         <size>0x18</size>
         <input_file_ref idref="fl-d4"/>
      </object_component>
      <object_component id="oc-6c9">
         <name>.text:_outc</name>
         <load_address>0xa5a4</load_address>
         <run_address>0xa5a4</run_address>
         <size>0x18</size>
         <input_file_ref idref="fl-106"/>
      </object_component>
      <object_component id="oc-383">
         <name>.text:GPIOPinTypeGPIOInput</name>
         <load_address>0xa5bc</load_address>
         <run_address>0xa5bc</run_address>
         <size>0x16</size>
         <input_file_ref idref="fl-149"/>
      </object_component>
      <object_component id="oc-6fa">
         <name>.text:GPIOPinTypeI2C</name>
         <load_address>0xa5d2</load_address>
         <run_address>0xa5d2</run_address>
         <size>0x16</size>
         <input_file_ref idref="fl-149"/>
      </object_component>
      <object_component id="oc-700">
         <name>.text:GPIOPinTypeI2CSCL</name>
         <load_address>0xa5e8</load_address>
         <run_address>0xa5e8</run_address>
         <size>0x16</size>
         <input_file_ref idref="fl-149"/>
      </object_component>
      <object_component id="oc-296">
         <name>.text:GPIOPinTypeUART</name>
         <load_address>0xa5fe</load_address>
         <run_address>0xa5fe</run_address>
         <size>0x16</size>
         <input_file_ref idref="fl-149"/>
      </object_component>
      <object_component id="oc-541">
         <name>.text:_ZNKSt3__212basic_stringIcNS_11char_traitsIcEENS_9allocatorIcEEE4dataEv</name>
         <load_address>0xa614</load_address>
         <run_address>0xa614</run_address>
         <size>0x16</size>
         <input_file_ref idref="fl-d4"/>
      </object_component>
      <object_component id="oc-233">
         <name>.text:_ZNKSt3__212basic_stringIcNS_11char_traitsIcEENS_9allocatorIcEEE4sizeEv</name>
         <load_address>0xa62a</load_address>
         <run_address>0xa62a</run_address>
         <size>0x16</size>
         <input_file_ref idref="fl-d4"/>
      </object_component>
      <object_component id="oc-210">
         <name>.text:_ZNKSt3__212basic_stringIcNS_11char_traitsIcEENS_9allocatorIcEEE5beginEv</name>
         <load_address>0xa640</load_address>
         <run_address>0xa640</run_address>
         <size>0x16</size>
         <input_file_ref idref="fl-d4"/>
      </object_component>
      <object_component id="oc-917">
         <name>.text:strchr</name>
         <load_address>0xa656</load_address>
         <run_address>0xa656</run_address>
         <size>0x16</size>
         <input_file_ref idref="fl-11d"/>
      </object_component>
      <object_component id="oc-357">
         <name>.text:SysTickEnable</name>
         <load_address>0xa66c</load_address>
         <run_address>0xa66c</run_address>
         <size>0x14</size>
         <input_file_ref idref="fl-14d"/>
      </object_component>
      <object_component id="oc-351">
         <name>.text:SysTickIntEnable</name>
         <load_address>0xa680</load_address>
         <run_address>0xa680</run_address>
         <size>0x14</size>
         <input_file_ref idref="fl-14d"/>
      </object_component>
      <object_component id="oc-593">
         <name>.text:UARTEnable</name>
         <load_address>0xa694</load_address>
         <run_address>0xa694</run_address>
         <size>0x14</size>
         <input_file_ref idref="fl-14e"/>
      </object_component>
      <object_component id="oc-225">
         <name>.text:_ZNSt3__211__wrap_iterIPKcEppEv</name>
         <load_address>0xa6a8</load_address>
         <run_address>0xa6a8</run_address>
         <size>0x14</size>
         <input_file_ref idref="fl-9"/>
      </object_component>
      <object_component id="oc-60d">
         <name>.text:_ZNSt3__211char_traitsIcE6assignERcRKc</name>
         <load_address>0xa6bc</load_address>
         <run_address>0xa6bc</run_address>
         <size>0x14</size>
         <input_file_ref idref="fl-5"/>
      </object_component>
      <object_component id="oc-600">
         <name>.text:strlen</name>
         <load_address>0xa6d0</load_address>
         <run_address>0xa6d0</run_address>
         <size>0x14</size>
         <input_file_ref idref="fl-e6"/>
      </object_component>
      <object_component id="oc-5f9">
         <name>.text:_ZNSt3__222__compressed_pair_elemINS_12basic_stringIcNS_11char_traitsIcEENS_9allocatorIcEEE5__repELi0ELb0EEC1Ev</name>
         <load_address>0xa6e4</load_address>
         <run_address>0xa6e4</run_address>
         <size>0x12</size>
         <input_file_ref idref="fl-5"/>
      </object_component>
      <object_component id="oc-842">
         <name>.text:wcslen</name>
         <load_address>0xa6f6</load_address>
         <run_address>0xa6f6</run_address>
         <size>0x12</size>
         <input_file_ref idref="fl-f8"/>
      </object_component>
      <object_component id="oc-345">
         <name>.text:SysTickPeriodSet</name>
         <load_address>0xa708</load_address>
         <run_address>0xa708</run_address>
         <size>0x10</size>
         <input_file_ref idref="fl-14d"/>
      </object_component>
      <object_component id="oc-12c">
         <name>.text:_Z4asinf</name>
         <load_address>0xa718</load_address>
         <run_address>0xa718</run_address>
         <size>0x10</size>
         <input_file_ref idref="fl-5"/>
      </object_component>
      <object_component id="oc-13a">
         <name>.text:_Z4atanf</name>
         <load_address>0xa728</load_address>
         <run_address>0xa728</run_address>
         <size>0x10</size>
         <input_file_ref idref="fl-5"/>
      </object_component>
      <object_component id="oc-133">
         <name>.text:_Z4sqrtf</name>
         <load_address>0xa738</load_address>
         <run_address>0xa738</run_address>
         <size>0x10</size>
         <input_file_ref idref="fl-5"/>
      </object_component>
      <object_component id="oc-8a4">
         <name>.text:_ZNSt3__222__compressed_pair_elemINS_9allocatorIcEELi1ELb1EEC1IRKS2_vEEOT_</name>
         <load_address>0xa748</load_address>
         <run_address>0xa748</run_address>
         <size>0x10</size>
         <input_file_ref idref="fl-9"/>
      </object_component>
      <object_component id="oc-7ac">
         <name>.text:_ZNSt3__222__compressed_pair_elemINS_9allocatorIcEELi1ELb1EEC2IRKS2_vEEOT_</name>
         <load_address>0xa758</load_address>
         <run_address>0xa758</run_address>
         <size>0x10</size>
         <input_file_ref idref="fl-9"/>
      </object_component>
      <object_component id="oc-3ad">
         <name>.text:GPIOIntDisable</name>
         <load_address>0xa768</load_address>
         <run_address>0xa768</run_address>
         <size>0xe</size>
         <input_file_ref idref="fl-149"/>
      </object_component>
      <object_component id="oc-254">
         <name>.text:UARTCharGetNonBlocking</name>
         <load_address>0xa776</load_address>
         <run_address>0xa776</run_address>
         <size>0xe</size>
         <input_file_ref idref="fl-14e"/>
      </object_component>
      <object_component id="oc-204">
         <name>.text:UARTCharPutNonBlocking</name>
         <load_address>0xa784</load_address>
         <run_address>0xa784</run_address>
         <size>0xe</size>
         <input_file_ref idref="fl-14e"/>
      </object_component>
      <object_component id="oc-25a">
         <name>.text:UARTCharsAvail</name>
         <load_address>0xa792</load_address>
         <run_address>0xa792</run_address>
         <size>0xe</size>
         <input_file_ref idref="fl-14e"/>
      </object_component>
      <object_component id="oc-1fe">
         <name>.text:UARTSpaceAvail</name>
         <load_address>0xa7a0</load_address>
         <run_address>0xa7a0</run_address>
         <size>0xe</size>
         <input_file_ref idref="fl-14e"/>
      </object_component>
      <object_component id="oc-79e">
         <name>.text:_ZNKSt3__211__wrap_iterIPKcE4baseEv</name>
         <load_address>0xa7ae</load_address>
         <run_address>0xa7ae</run_address>
         <size>0xe</size>
         <input_file_ref idref="fl-9"/>
      </object_component>
      <object_component id="oc-21e">
         <name>.text:_ZNKSt3__211__wrap_iterIPKcEdeEv</name>
         <load_address>0xa7bc</load_address>
         <run_address>0xa7bc</run_address>
         <size>0xe</size>
         <input_file_ref idref="fl-9"/>
      </object_component>
      <object_component id="oc-1b">
         <name>.text:decompress:none:__TI_decompress_none</name>
         <load_address>0xa7ca</load_address>
         <run_address>0xa7ca</run_address>
         <size>0xe</size>
         <input_file_ref idref="fl-dd"/>
      </object_component>
      <object_component id="oc-3a7">
         <name>.text:GPIOIntEnable</name>
         <load_address>0xa7d8</load_address>
         <run_address>0xa7d8</run_address>
         <size>0xc</size>
         <input_file_ref idref="fl-149"/>
      </object_component>
      <object_component id="oc-313">
         <name>.text:_ZN6I2CdevC1Ev</name>
         <load_address>0xa7e4</load_address>
         <run_address>0xa7e4</run_address>
         <size>0xc</size>
         <input_file_ref idref="fl-10"/>
      </object_component>
      <object_component id="oc-614">
         <name>.text:_ZNKSt3__221__basic_string_commonILb1EE20__throw_length_errorEv</name>
         <load_address>0xa7f0</load_address>
         <run_address>0xa7f0</run_address>
         <size>0xc</size>
         <input_file_ref idref="fl-d4"/>
      </object_component>
      <object_component id="oc-2ff">
         <name>.text:_ZNKSt3__222__compressed_pair_elemINS_12basic_stringIcNS_11char_traitsIcEENS_9allocatorIcEEE5__repELi0ELb0EE5__getEv</name>
         <load_address>0xa7fc</load_address>
         <run_address>0xa7fc</run_address>
         <size>0xc</size>
         <input_file_ref idref="fl-5"/>
      </object_component>
      <object_component id="oc-7a5">
         <name>.text:_ZNKSt3__222__compressed_pair_elemINS_9allocatorIcEELi1ELb1EE5__getEv</name>
         <load_address>0xa808</load_address>
         <run_address>0xa808</run_address>
         <size>0xc</size>
         <input_file_ref idref="fl-5"/>
      </object_component>
      <object_component id="oc-2ea">
         <name>.text:_ZNSt3__211char_traitsIcE6lengthEPKc</name>
         <load_address>0xa814</load_address>
         <run_address>0xa814</run_address>
         <size>0xc</size>
         <input_file_ref idref="fl-5"/>
      </object_component>
      <object_component id="oc-306">
[...]
         <name>_ZNSt3__212basic_stringIcNS_11char_traitsIcEENS_9allocatorIcEEE6__initEPKcj</name>
         <value>0x9593</value>
         <object_component_ref idref="oc-2f1"/>
      </symbol>
      <symbol id="sm-c5f">
         <name>_ZNSt3__212basic_stringIcNS_11char_traitsIcEENS_9allocatorIcEEE21__grow_by_and_replaceEjjjjjjPKc</name>
         <value>0x8965</value>
         <object_component_ref idref="oc-7b4"/>
      </symbol>
      <symbol id="sm-c60">
         <name>_ZNSt3__212basic_stringIcNS_11char_traitsIcEENS_9allocatorIcEEE6resizeEjc</name>
         <value>0x951d</value>
         <object_component_ref idref="oc-6b6"/>
      </symbol>
      <symbol id="sm-c61">
         <name>_ZNKSt3__212basic_stringIcNS_11char_traitsIcEENS_9allocatorIcEEE4dataEv</name>
         <value>0xa615</value>
         <object_component_ref idref="oc-541"/>
      </symbol>
      <symbol id="sm-c62">
         <name>_ZNKSt3__212basic_stringIcNS_11char_traitsIcEENS_9allocatorIcEEE13get_allocatorEv</name>
         <value>0xa891</value>
         <object_component_ref idref="oc-533"/>
      </symbol>
      <symbol id="sm-c63">
         <name>_ZNSt3__212basic_stringIcNS_11char_traitsIcEENS_9allocatorIcEEE6appendEjc</name>
         <value>0x9055</value>
         <object_component_ref idref="oc-80c"/>
      </symbol>
      <symbol id="sm-c64">
         <name>_ZNSt3__212basic_stringIcNS_11char_traitsIcEENS_9allocatorIcEEED1Ev</name>
         <value>0xa379</value>
         <object_component_ref idref="oc-cb"/>
      </symbol>
      <symbol id="sm-c65">
         <name>_ZNSt3__212basic_stringIcNS_11char_traitsIcEENS_9allocatorIcEEE6appendEPKcj</name>
         <value>0x8fb1</value>
         <object_component_ref idref="oc-54f"/>
      </symbol>
      <symbol id="sm-c7c">
         <name>__aeabi_dsub</name>
         <value>0x74d5</value>
         <object_component_ref idref="oc-73f"/>
      </symbol>
      <symbol id="sm-c7d">
         <name>__aeabi_dadd</name>
         <value>0x74df</value>
         <object_component_ref idref="oc-73f"/>
      </symbol>
      <symbol id="sm-c91">
         <name>__aeabi_ddiv</name>
         <value>0x7ff1</value>
         <object_component_ref idref="oc-fa"/>
      </symbol>
      <symbol id="sm-c9c">
         <name>__aeabi_dmul</name>
         <value>0x8775</value>
         <object_component_ref idref="oc-73a"/>
      </symbol>
      <symbol id="sm-ca8">
         <name>__aeabi_d2f</name>
         <value>0x97cb</value>
         <object_component_ref idref="oc-744"/>
      </symbol>
      <symbol id="sm-cb3">
         <name>__aeabi_f2d</name>
         <value>0xa011</value>
         <object_component_ref idref="oc-f5"/>
      </symbol>
      <symbol id="sm-cce">
         <name>memcpy</name>
         <value>0x90f1</value>
         <object_component_ref idref="oc-3f"/>
      </symbol>
      <symbol id="sm-ccf">
         <name>__aeabi_memcpy</name>
         <value>0x90f1</value>
         <object_component_ref idref="oc-3f"/>
      </symbol>
      <symbol id="sm-cd0">
         <name>__aeabi_memcpy8</name>
         <value>0x90f1</value>
         <object_component_ref idref="oc-3f"/>
      </symbol>
      <symbol id="sm-cd1">
         <name>__aeabi_memcpy4</name>
         <value>0x90f1</value>
         <object_component_ref idref="oc-3f"/>
      </symbol>
      <symbol id="sm-ce0">
         <name>__aeabi_memset</name>
         <value>0x942b</value>
         <object_component_ref idref="oc-9d"/>
      </symbol>
      <symbol id="sm-ce1">
         <name>memset</name>
         <value>0x9431</value>
         <object_component_ref idref="oc-9d"/>
      </symbol>
      <symbol id="sm-ce2">
         <name>__aeabi_memset8</name>
         <value>0x942b</value>
         <object_component_ref idref="oc-9d"/>
      </symbol>
      <symbol id="sm-ce3">
         <name>__aeabi_memset4</name>
         <value>0x942b</value>
         <object_component_ref idref="oc-9d"/>
      </symbol>
      <symbol id="sm-ce4">
         <name>__aeabi_memclr8</name>
         <value>0x9429</value>
         <object_component_ref idref="oc-9d"/>
      </symbol>
      <symbol id="sm-ce5">
         <name>__aeabi_memclr4</name>
         <value>0x9429</value>
         <object_component_ref idref="oc-9d"/>
      </symbol>
      <symbol id="sm-ce6">
         <name>__aeabi_memclr</name>
         <value>0x9429</value>
         <object_component_ref idref="oc-9d"/>
      </symbol>
      <symbol id="sm-cff">
         <name>__TI_zero_init_nomemset</name>
         <value>0xa4a5</value>
         <object_component_ref idref="oc-4b"/>
      </symbol>
      <symbol id="sm-d16">
         <name>__TI_decompress_none</name>
         <value>0xa7cb</value>
         <object_component_ref idref="oc-1b"/>
      </symbol>
      <symbol id="sm-d39">
         <name>__TI_decompress_lzss</name>
         <value>0x98a1</value>
         <object_component_ref idref="oc-15"/>
      </symbol>
      <symbol id="sm-d44">
         <name>C$$EXIT</name>
         <value>0xa911</value>
         <object_component_ref idref="oc-1b0"/>
      </symbol>
      <symbol id="sm-d45">
         <name>abort</name>
         <value>0xa911</value>
         <object_component_ref idref="oc-1b0"/>
      </symbol>
      <symbol id="sm-d5a">
         <name>_nop</name>
         <value>0x6127</value>
         <object_component_ref idref="oc-76f"/>
      </symbol>
      <symbol id="sm-d5b">
         <name>_lock</name>
         <value>0x20005390</value>
         <object_component_ref idref="oc-4ef"/>
      </symbol>
      <symbol id="sm-d5c">
         <name>_unlock</name>
         <value>0x20005394</value>
         <object_component_ref idref="oc-4ef"/>
      </symbol>
      <symbol id="sm-d6e">
         <name>memcmp</name>
         <value>0xa311</value>
         <object_component_ref idref="oc-320"/>
      </symbol>
      <symbol id="sm-e0d">
         <name>_sys_memory</name>
         <value>0x20004270</value>
         <object_component_ref idref="oc-25"/>
      </symbol>
      <symbol id="sm-e0e">
         <name>free</name>
         <value>0x8a55</value>
         <object_component_ref idref="oc-326"/>
      </symbol>
      <symbol id="sm-e0f">
         <name>realloc</name>
         <value>0x8b39</value>
         <object_component_ref idref="oc-32c"/>
      </symbol>
      <symbol id="sm-e10">
         <name>memalign</name>
         <value>0x8579</value>
         <object_component_ref idref="oc-64b"/>
      </symbol>
      <symbol id="sm-e11">
         <name>malloc</name>
         <value>0xa8d9</value>
         <object_component_ref idref="oc-31a"/>
      </symbol>
      <symbol id="sm-e12">
         <name>aligned_alloc</name>
         <value>0x8579</value>
         <object_component_ref idref="oc-64b"/>
      </symbol>
      <symbol id="sm-e20">
         <name>strlen</name>
         <value>0xa6d1</value>
         <object_component_ref idref="oc-600"/>
      </symbol>
      <symbol id="sm-e39">
         <name>__stack</name>
         <value>0x20000270</value>
         <object_component_ref idref="oc-28"/>
      </symbol>
      <symbol id="sm-e3a">
         <name>_c_int00_noargs</name>
         <value>0xa119</value>
         <object_component_ref idref="oc-5d"/>
      </symbol>
      <symbol id="sm-e50">
         <name>__aeabi_errno_addr</name>
         <value>0xa8d1</value>
         <object_component_ref idref="oc-749"/>
      </symbol>
      <symbol id="sm-e51">
         <name>errno</name>
         <value>0x200053a8</value>
         <object_component_ref idref="oc-886"/>
      </symbol>
      <symbol id="sm-ea1">
         <name>wcslen</name>
         <value>0xa6f7</value>
         <object_component_ref idref="oc-842"/>
      </symbol>
      <symbol id="sm-eb2">
         <name>__abort_execution</name>
         <value>0xa909</value>
         <object_component_ref idref="oc-4ba"/>
      </symbol>
      <symbol id="sm-ecf">
         <name>scalbn</name>
         <value>0x8365</value>
         <object_component_ref idref="oc-911"/>
      </symbol>
      <symbol id="sm-ed0">
         <name>scalbnl</name>
         <value>0x8365</value>
         <object_component_ref idref="oc-911"/>
      </symbol>
      <symbol id="sm-ed1">
         <name>ldexpl</name>
         <value>0x8365</value>
         <object_component_ref idref="oc-911"/>
      </symbol>
      <symbol id="sm-ed2">
         <name>ldexp</name>
         <value>0x8365</value>
         <object_component_ref idref="oc-911"/>
      </symbol>
      <symbol id="sm-103a">
         <name>__TI_printfi</name>
         <value>0x56d9</value>
         <object_component_ref idref="oc-6bd"/>
      </symbol>
      <symbol id="sm-1064">
         <name>snprintf</name>
         <value>0x9dc9</value>
         <object_component_ref idref="oc-377"/>
      </symbol>
      <symbol id="sm-108c">
         <name>__aeabi_cdcmpeq</name>
         <value>0x9223</value>
         <object_component_ref idref="oc-81f"/>
      </symbol>
      <symbol id="sm-108d">
         <name>__aeabi_cdcmple</name>
         <value>0x9223</value>
         <object_component_ref idref="oc-81f"/>
      </symbol>
      <symbol id="sm-108e">
         <name>__aeabi_cdrcmple</name>
         <value>0x92a9</value>
         <object_component_ref idref="oc-8db"/>
      </symbol>
      <symbol id="sm-1098">
         <name>__aeabi_d2iz</name>
         <value>0x9e15</value>
         <object_component_ref idref="oc-8e0"/>
      </symbol>
      <symbol id="sm-10a2">
         <name>__aeabi_i2d</name>
         <value>0xa17d</value>
         <object_component_ref idref="oc-8eb"/>
      </symbol>
      <symbol id="sm-10b1">
         <name>__aeabi_uldivmod</name>
         <value>0x918d</value>
         <object_component_ref idref="oc-8d4"/>
      </symbol>
      <symbol id="sm-10de">
         <name>__TI_auto_init_nobinit</name>
         <value>0x996d</value>
         <object_component_ref idref="oc-1c2"/>
      </symbol>
      <symbol id="sm-10e8">
         <name>_system_pre_init</name>
         <value>0xa90d</value>
         <object_component_ref idref="oc-a3"/>
      </symbol>
      <symbol id="sm-10f8">
         <name>__TI_ltoa</name>
         <value>0x9c3d</value>
         <object_component_ref idref="oc-8e5"/>
      </symbol>
      <symbol id="sm-110f">
         <name>atoi</name>
         <value>0x9d7d</value>
         <object_component_ref idref="oc-813"/>
      </symbol>
      <symbol id="sm-111c">
         <name>_ctypes_</name>
         <value>0xb0c2</value>
         <object_component_ref idref="oc-8cf"/>
      </symbol>
      <symbol id="sm-112c">
         <name>memccpy</name>
         <value>0xa4dd</value>
         <object_component_ref idref="oc-83c"/>
      </symbol>
      <symbol id="sm-113c">
         <name>strchr</name>
         <value>0xa657</value>
         <object_component_ref idref="oc-917"/>
      </symbol>
      <symbol id="sm-1150">
         <name>copysign</name>
         <value>0xa513</value>
         <object_component_ref idref="oc-96c"/>
      </symbol>
      <symbol id="sm-1151">
         <name>copysignl</name>
         <value>0xa513</value>
         <object_component_ref idref="oc-96c"/>
      </symbol>
      <symbol id="sm-1167">
         <name>frexpl</name>
         <value>0x9909</value>
         <object_component_ref idref="oc-90b"/>
      </symbol>
      <symbol id="sm-1168">
         <name>frexp</name>
         <value>0x9909</value>
         <object_component_ref idref="oc-90b"/>
      </symbol>
      <symbol id="sm-117b">
         <name>__aeabi_idiv0</name>
         <value>0x6f43</value>
         <object_component_ref idref="oc-95b"/>
      </symbol>
      <symbol id="sm-117c">
         <name>__aeabi_ldiv0</name>
         <value>0x6f43</value>
         <object_component_ref idref="oc-95b"/>
      </symbol>
      <symbol id="sm-1258">
         <name>GPIOPinConfigure</name>
         <value>0x9ce5</value>
         <object_component_ref idref="oc-29c"/>
      </symbol>
      <symbol id="sm-1259">
         <name>GPIOPinTypeI2CSCL</name>
         <value>0xa5e9</value>
         <object_component_ref idref="oc-700"/>
      </symbol>
      <symbol id="sm-125a">
         <name>GPIOIntDisable</name>
         <value>0xa769</value>
         <object_component_ref idref="oc-3ad"/>
      </symbol>
      <symbol id="sm-125b">
         <name>GPIOIntEnable</name>
         <value>0xa7d9</value>
         <object_component_ref idref="oc-3a7"/>
      </symbol>
      <symbol id="sm-125c">
         <name>GPIOPinTypeI2C</name>
         <value>0xa5d3</value>
         <object_component_ref idref="oc-6fa"/>
      </symbol>
      <symbol id="sm-125d">
         <name>GPIOIntTypeSet</name>
         <value>0x9b39</value>
         <object_component_ref idref="oc-39b"/>
      </symbol>
      <symbol id="sm-125e">
         <name>GPIOPinTypeGPIOInput</name>
         <value>0xa5bd</value>
         <object_component_ref idref="oc-383"/>
      </symbol>
      <symbol id="sm-125f">
         <name>GPIOPinTypeUART</name>
         <value>0xa5ff</value>
         <object_component_ref idref="oc-296"/>
      </symbol>
      <symbol id="sm-1260">
         <name>GPIOIntRegisterPin</name>
         <value>0xa3b9</value>
         <object_component_ref idref="oc-3a1"/>
      </symbol>
      <symbol id="sm-1261">
         <name>GPIOPinTypeGPIOOutput</name>
         <value>0xa4f9</value>
         <object_component_ref idref="oc-389"/>
      </symbol>
      <symbol id="sm-1262">
         <name>GPIOPinRead</name>
         <value>0xa8e1</value>
         <object_component_ref idref="oc-395"/>
      </symbol>
      <symbol id="sm-1263">
         <name>GPIODirModeSet</name>
         <value>0xa1ab</value>
         <object_component_ref idref="oc-59e"/>
      </symbol>
      <symbol id="sm-1264">
         <name>GPIOPinWrite</name>
         <value>0xa8e7</value>
         <object_component_ref idref="oc-38f"/>
      </symbol>
      <symbol id="sm-1265">
         <name>GPIOPadConfigSet</name>
         <value>0x77fd</value>
         <object_component_ref idref="oc-3b3"/>
      </symbol>
      <symbol id="sm-1266">
         <name>GPIOUnlockPin</name>
         <value>0xa52d</value>
         <object_component_ref idref="oc-290"/>
      </symbol>
      <symbol id="sm-12a8">
         <name>I2CMasterDataPut</name>
         <value>0xa901</value>
         <object_component_ref idref="oc-712"/>
      </symbol>
      <symbol id="sm-12a9">
         <name>I2CMasterInitExpClk</name>
         <value>0x9d31</value>
         <object_component_ref idref="oc-706"/>
      </symbol>
      <symbol id="sm-12aa">
         <name>I2CMasterSlaveAddrSet</name>
         <value>0xa8b7</value>
         <object_component_ref idref="oc-70c"/>
      </symbol>
      <symbol id="sm-12ab">
         <name>I2CMasterDataGet</name>
         <value>0xa8fd</value>
         <object_component_ref idref="oc-724"/>
      </symbol>
      <symbol id="sm-12ac">
         <name>I2CMasterControl</name>
         <value>0xa8f9</value>
         <object_component_ref idref="oc-718"/>
      </symbol>
      <symbol id="sm-12ad">
         <name>I2CMasterBusy</name>
         <value>0xa8af</value>
         <object_component_ref idref="oc-71e"/>
      </symbol>
      <symbol id="sm-12ae">
         <name>I2CMasterEnable</name>
         <value>0xa869</value>
         <object_component_ref idref="oc-868"/>
      </symbol>
      <symbol id="sm-12df">
         <name>IntEnable</name>
         <value>0x9839</value>
         <object_component_ref idref="oc-2a8"/>
      </symbol>
      <symbol id="sm-12e0">
         <name>IntRegister</name>
         <value>0xa049</value>
         <object_component_ref idref="oc-5af"/>
      </symbol>
      <symbol id="sm-12e1">
         <name>g_pfnRAMVectors</name>
         <value>0x20000000</value>
         <object_component_ref idref="oc-7dc"/>
      </symbol>
      <symbol id="sm-133f">
         <name>SysCtlClockSet</name>
         <value>0x8871</value>
         <object_component_ref idref="oc-33f"/>
      </symbol>
      <symbol id="sm-1340">
         <name>SysCtlDelay</name>
         <value>0xa8ed</value>
         <object_component_ref idref="oc-6a6"/>
      </symbol>
      <symbol id="sm-1341">
         <name>SysCtlPeripheralEnable</name>
         <value>0xa07d</value>
         <object_component_ref idref="oc-26c"/>
      </symbol>
      <symbol id="sm-1342">
         <name>SysCtlClockGet</name>
         <value>0x824d</value>
         <object_component_ref idref="oc-278"/>
      </symbol>
      <symbol id="sm-1343">
         <name>SysCtlPeripheralReady</name>
         <value>0x9fa1</value>
         <object_component_ref idref="oc-272"/>
      </symbol>
      <symbol id="sm-1370">
         <name>SysTickEnable</name>
         <value>0xa66d</value>
         <object_component_ref idref="oc-357"/>
      </symbol>
      <symbol id="sm-1371">
         <name>SysTickIntRegister</name>
         <value>0xa46d</value>
         <object_component_ref idref="oc-34b"/>
      </symbol>
      <symbol id="sm-1372">
         <name>SysTickIntEnable</name>
         <value>0xa681</value>
         <object_component_ref idref="oc-351"/>
      </symbol>
      <symbol id="sm-1373">
         <name>SysTickPeriodSet</name>
         <value>0xa709</value>
         <object_component_ref idref="oc-345"/>
      </symbol>
      <symbol id="sm-140b">
         <name>UARTCharPutNonBlocking</name>
         <value>0xa785</value>
         <object_component_ref idref="oc-204"/>
      </symbol>
      <symbol id="sm-140c">
         <name>UARTConfigSetExpClk</name>
         <value>0x9e5d</value>
         <object_component_ref idref="oc-27e"/>
      </symbol>
      <symbol id="sm-140d">
         <name>UARTDisable</name>
         <value>0xa359</value>
         <object_component_ref idref="oc-58d"/>
      </symbol>
      <symbol id="sm-140e">
         <name>UARTIntEnable</name>
         <value>0xa8bf</value>
         <object_component_ref idref="oc-260"/>
      </symbol>
      <symbol id="sm-140f">
         <name>UARTCharsAvail</name>
         <value>0xa793</value>
         <object_component_ref idref="oc-25a"/>
      </symbol>
      <symbol id="sm-1410">
         <name>UARTCharGetNonBlocking</name>
         <value>0xa777</value>
         <object_component_ref idref="oc-254"/>
      </symbol>
      <symbol id="sm-1411">
         <name>UARTIntDisable</name>
         <value>0xa87d</value>
         <object_component_ref idref="oc-24e"/>
      </symbol>
      <symbol id="sm-1412">
         <name>UARTEnable</name>
         <value>0xa695</value>
         <object_component_ref idref="oc-593"/>
      </symbol>
      <symbol id="sm-1413">
         <name>UARTFIFOEnable</name>
         <value>0xa873</value>
         <object_component_ref idref="oc-284"/>
      </symbol>
      <symbol id="sm-1414">
         <name>UARTIntClear</name>
         <value>0xa905</value>
         <object_component_ref idref="oc-511"/>
      </symbol>
      <symbol id="sm-1415">
         <name>UARTIntStatus</name>
         <value>0xa887</value>
         <object_component_ref idref="oc-50b"/>
      </symbol>
      <symbol id="sm-1416">
         <name>UARTSpaceAvail</name>
         <value>0xa7a1</value>
         <object_component_ref idref="oc-1fe"/>
      </symbol>
      <symbol id="sm-1417">
         <name>UARTFIFOLevelSet</name>
         <value>0xa8f3</value>
         <object_component_ref idref="oc-28a"/>
      </symbol>
      <symbol id="sm-1418">
         <name>UARTIntRegister</name>
         <value>0xa545</value>
         <object_component_ref idref="oc-2a2"/>
      </symbol>
      <symbol id="sm-141a">
         <name>__TI_static_base__</name>
         <value>0x0</value>
      </symbol>
      <symbol id="sm-141d">
         <name>__mpu_init</name>
         <value>0x0</value>
      </symbol>
      <symbol id="sm-141e">
         <name>_system_post_cinit</name>
         <value>0x0</value>
      </symbol>
      <symbol id="sm-141f">
         <name>_ZSt17__throw_bad_allocv</name>
         <value>0xa911</value>
      </symbol>
   </symbol_table>
   <title>Link successful</title>
</link_info>
